
> Al Goni Tours and Travels@0.0.0 test
> vitest --run


[1m[46m RUN [49m[22m [36mv4.0.14 [39m[90mC:/Users/mdosm/Desktop/AL GONI TOURS AND TRAVELS/algonitours[39m

node.exe : [90mstderr[2m | s
rc/__tests__/About.test.jsx[2
m > [22m[2mAbout Page[2m > 
[22m[2mrenders about page 
content
At line:1 char:1
+ & "C:\Program 
Files\nodejs/node.exe" 
"C:\Program 
Files\nodejs/node_mo ...
+ ~~~~~~~~~~~~~~~~~~~~~~~~~~~~
~~~~~~~~~~~~~~~~~~~~~~~~~~~~~~
~~~~~~~~~~~
    + CategoryInfo          : 
    NotSpecified: ([90mstde  
  rr[2m...ut page content:   
 String) [], RemoteExcepti    
on
    + FullyQualifiedErrorId : 
    NativeCommandError
 
[22m[39mÔÜá´©Å React Router 
Future Flag Warning: React 
Router will begin wrapping 
state updates in 
`React.startTransition` in 
v7. You can use the 
`v7_startTransition` future 
flag to opt-in early. For 
more information, see https://
reactrouter.com/v6/upgrading/f
uture#v7_starttransition.
ÔÜá´©Å React Router Future 
Flag Warning: Relative route 
resolution within Splat 
routes is changing in v7. You 
can use the 
`v7_relativeSplatPath` future 
flag to opt-in early. For 
more information, see https://
reactrouter.com/v6/upgrading/f
uture#v7_relativesplatpath.

 [31mÔØ»[39m src/__tests__/About.test.jsx [2m([22m[2m1 test[22m[2m | [22m[31m1 failed[39m[2m)[22m[32m 230[2mms[22m[39m
[31m     [31m├ù[31m renders about page content[39m[32m 225[2mms[22m[39m
[90mstderr[2m | src/__tests_
_/Footer.test.jsx[2m > 
[22m[2mFooter Component[2m 
> [22m[2mrenders footer 
content
[22m[39mÔÜá´©Å React Router 
Future Flag Warning: React 
Router will begin wrapping 
state updates in 
`React.startTransition` in 
v7. You can use the 
`v7_startTransition` future 
flag to opt-in early. For 
more information, see https://
reactrouter.com/v6/upgrading/f
uture#v7_starttransition.
ÔÜá´©Å React Router Future 
Flag Warning: Relative route 
resolution within Splat 
routes is changing in v7. You 
can use the 
`v7_relativeSplatPath` future 
flag to opt-in early. For 
more information, see https://
reactrouter.com/v6/upgrading/f
uture#v7_relativesplatpath.

[90mstderr[2m | src/__tests_
_/Navbar.test.jsx[2m > 
[22m[2mNavbar Component[2m 
> [22m[2mrenders navbar logo
[22m[39mÔÜá´©Å React Router 
Future Flag Warning: React 
Router will begin wrapping 
state updates in 
`React.startTransition` in 
v7. You can use the 
`v7_startTransition` future 
flag to opt-in early. For 
more information, see https://
reactrouter.com/v6/upgrading/f
uture#v7_starttransition.
ÔÜá´©Å React Router Future 
Flag Warning: Relative route 
resolution within Splat 
routes is changing in v7. You 
can use the 
`v7_relativeSplatPath` future 
flag to opt-in early. For 
more information, see https://
reactrouter.com/v6/upgrading/f
uture#v7_relativesplatpath.

[90mstderr[2m | src/__tests_
_/Services.test.jsx[2m > 
[22m[2mServices Page[2m > 
[22m[2mrenders services 
page content
[22m[39mÔÜá´©Å React Router 
Future Flag Warning: React 
Router will begin wrapping 
state updates in 
`React.startTransition` in 
v7. You can use the 
`v7_startTransition` future 
flag to opt-in early. For 
more information, see https://
reactrouter.com/v6/upgrading/f
uture#v7_starttransition.
ÔÜá´©Å React Router Future 
Flag Warning: Relative route 
resolution within Splat 
routes is changing in v7. You 
can use the 
`v7_relativeSplatPath` future 
flag to opt-in early. For 
more information, see https://
reactrouter.com/v6/upgrading/f
uture#v7_relativesplatpath.

 [32mÔ£ô[39m src/__tests__/Services.test.jsx [2m([22m[2m1 test[22m[2m)[22m[33m 398[2mms[22m[39m
     [33m[2mÔ£ô[22m[39m renders services page content [33m 393[2mms[22m[39m
 [31mÔØ»[39m src/__tests__/Navbar.test.jsx [2m([22m[2m3 tests[22m[2m | [22m[31m1 failed[39m[2m)[22m[33m 562[2mms[22m[39m
     [33m[2mÔ£ô[22m[39m renders navbar logo [33m 389[2mms[22m[39m
[31m     [31m├ù[31m renders navigation links[39m[32m 74[2mms[22m[39m
     [32mÔ£ô[39m toggles mobile menu when button is clicked[32m 95[2mms[22m[39m
 [31mÔØ»[39m src/__tests__/Footer.test.jsx [2m([22m[2m2 tests[22m[2m | [22m[31m1 failed[39m[2m)[22m[33m 919[2mms[22m[39m
[31m     [31m├ù[31m renders footer content[39m[33m 387[2mms[22m[39m
     [33m[2mÔ£ô[22m[39m renders social media links [33m 527[2mms[22m[39m
[90mstdout[2m | src/__tests__/Contact.test.jsx[2m > [22m[2mContact Component[2m > [22m[2msubmits the form
[22m[39mContact enquiry submitted: {
  fullName: [32m'John Doe'[39m,
  phone: [32m'1234567890'[39m,
  email: [32m'john@example.com'[39m,
  travelCountry: [32m'USA'[39m,
  travelType: [32m''[39m,
  message: [32m''[39m
}

 [31mÔØ»[39m src/__tests__/Contact.test.jsx [2m([22m[2m2 tests[22m[2m | [22m[31m1 failed[39m[2m)[22m[33m 967[2mms[22m[39m
[31m     [31m├ù[31m renders contact form[39m[33m 360[2mms[22m[39m
     [33m[2mÔ£ô[22m[39m submits the form [33m 602[2mms[22m[39m
[90mstderr[2m | src/__tests_
_/HolidayPackages.test.jsx[2m
 > [22m[2mHolidayPackages 
Component[2m > 
[22m[2mrenders holiday 
packages
[22m[39mÔÜá´©Å React Router 
Future Flag Warning: React 
Router will begin wrapping 
state updates in 
`React.startTransition` in 
v7. You can use the 
`v7_startTransition` future 
flag to opt-in early. For 
more information, see https://
reactrouter.com/v6/upgrading/f
uture#v7_starttransition.
ÔÜá´©Å React Router Future 
Flag Warning: Relative route 
resolution within Splat 
routes is changing in v7. You 
can use the 
`v7_relativeSplatPath` future 
flag to opt-in early. For 
more information, see https://
reactrouter.com/v6/upgrading/f
uture#v7_relativesplatpath.

 [31mÔØ»[39m src/__tests__/HolidayPackages.test.jsx [2m([22m[2m2 tests[22m[2m | [22m[31m2 failed[39m[2m)[22m[33m 341[2mms[22m[39m
[31m     [31m├ù[31m renders holiday packages[39m[33m 304[2mms[22m[39m
[31m     [31m├ù[31m filters out non-destination packages[39m[32m 32[2mms[22m[39m
[90mstderr[2m | src/__tests_
_/Home.test.jsx[2m > 
[22m[2mHome Page[2m > 
[22m[2mrenders home page 
content
[22m[39m[vitest] The 
vi.fn() mock did not use 
'function' or 'class' in its 
implementation, see https://vi
test.dev/api/vi#vi-spyon for 
examples.
[vitest] The vi.fn() mock did 
not use 'function' or 'class' 
in its implementation, see htt
ps://vitest.dev/api/vi#vi-spyo
n for examples.
[vitest] The vi.fn() mock did 
not use 'function' or 'class' 
in its implementation, see htt
ps://vitest.dev/api/vi#vi-spyo
n for examples.
[vitest] The vi.fn() mock did 
not use 'function' or 'class' 
in its implementation, see htt
ps://vitest.dev/api/vi#vi-spyo
n for examples.
[vitest] The vi.fn() mock did 
not use 'function' or 'class' 
in its implementation, see htt
ps://vitest.dev/api/vi#vi-spyo
n for examples.
[vitest] The vi.fn() mock did 
not use 'function' or 'class' 
in its implementation, see htt
ps://vitest.dev/api/vi#vi-spyo
n for examples.
[vitest] The vi.fn() mock did 
not use 'function' or 'class' 
in its implementation, see htt
ps://vitest.dev/api/vi#vi-spyo
n for examples.
[vitest] The vi.fn() mock did 
not use 'function' or 'class' 
in its implementation, see htt
ps://vitest.dev/api/vi#vi-spyo
n for examples.
[vitest] The vi.fn() mock did 
not use 'function' or 'class' 
in its implementation, see htt
ps://vitest.dev/api/vi#vi-spyo
n for examples.
[vitest] The vi.fn() mock did 
not use 'function' or 'class' 
in its implementation, see htt
ps://vitest.dev/api/vi#vi-spyo
n for examples.
[vitest] The vi.fn() mock did 
not use 'function' or 'class' 
in its implementation, see htt
ps://vitest.dev/api/vi#vi-spyo
n for examples.
[vitest] The vi.fn() mock did 
not use 'function' or 'class' 
in its implementation, see htt
ps://vitest.dev/api/vi#vi-spyo
n for examples.
ÔÜá´©Å React Router Future 
Flag Warning: React Router 
will begin wrapping state 
updates in 
`React.startTransition` in 
v7. You can use the 
`v7_startTransition` future 
flag to opt-in early. For 
more information, see https://
reactrouter.com/v6/upgrading/f
uture#v7_starttransition.
ÔÜá´©Å React Router Future 
Flag Warning: Relative route 
resolution within Splat 
routes is changing in v7. You 
can use the 
`v7_relativeSplatPath` future 
flag to opt-in early. For 
more information, see https://
reactrouter.com/v6/upgrading/f
uture#v7_relativesplatpath.

 [31mÔØ»[39m src/__tests__/Home.test.jsx [2m([22m[2m1 test[22m[2m | [22m[31m1 failed[39m[2m)[22m[33m 431[2mms[22m[39m
[31m     [31m├ù[31m renders home page content[39m[33m 427[2mms[22m[39m
 [32mÔ£ô[39m src/__tests__/PackageContext.test.jsx [2m([22m[2m4 tests[22m[2m)[22m[32m 123[2mms[22m[39m

[31mÔÄ»ÔÄ»ÔÄ»ÔÄ»ÔÄ»ÔÄ»ÔÄ»[39
m[1m[41m Failed Tests 7 [49
m[22m[31mÔÄ»ÔÄ»ÔÄ»ÔÄ»ÔÄ»ÔÄ»Ô
Ä»[39m

[41m[1m FAIL [22m[49m src/
__tests__/About.test.jsx[2m 
> [22mAbout Page[2m > 
[22mrenders about page 
content
[31m[1mTestingLibraryElement
Error[22m[39m: Unable to 
find an element with the 
text: /About Us/i. This could 
be because the text is broken 
up by multiple elements. In 
this case, you can provide a 
function for your text 
matcher to make your matcher 
more flexible.

Ignored nodes: comments, 
script, style
[36m<body>[39m
  [36m<div>[39m
    [36m<main[39m
      [33mclass[39m=[32m"ab
out-page"[39m
    [36m>[39m
      [36m<section[39m
        [33mclass[39m=[32m"
about-hero"[39m
      [36m>[39m
        [36m<div[39m
          [33mclass[39m=[32
m"about-hero-inner"[39m
        [36m>[39m
          [36m<h1[39m
            [33mclass[39m=[
32m"about-title"[39m
          [36m>[39m
            [0mAbout Al Goni 
Tours & Travels[0m
          [36m</h1>[39m
          [36m<p[39m
            [33mclass[39m=[
32m"about-tagline"[39m
          [36m>[39m
            [0mCrafting Your 
Perfect Getaway[0m
          [36m</p>[39m
          [36m<p[39m
            [33mclass[39m=[
32m"about-subtext"[39m
          [36m>[39m
            [0mTrusted 
Umrah, Ziyarat, Air Ticketing 
& Travel Experts[0m
          [36m</p>[39m
        [36m</div>[39m
      [36m</section>[39m
      [36m<div[39m
        [33mclass[39m=[32m"
about-container"[39m
      [36m>[39m
        [36m<section[39m
          [33mclass[39m=[32
m"about-section"[39m
          [33mid[39m=[32m"o
verview"[39m
        [36m>[39m
          [36m<h2[39m
            [33mclass[39m=[
32m"section-title"[39m
          [36m>[39m
            [0mOverview of 
Our Company[0m
          [36m</h2>[39m
          [36m<p[39m
            [33mclass[39m=[
32m"section-text"[39m
          [36m>[39m
            [36m<strong>[39m
              [0mAl Goni 
Tours & Travels[0m
            
[36m</strong>[39m
            [0m is a premium 
travel company dedicated to 
providing seamless Umrah, 
Ziyarat, international tours, 
air ticketing, and 
personalized travel services. 
Rooted in trust, 
transparency, and exceptional 
service, we ensure every 
journey is comfortable, 
spiritually enriching, and 
stress-free.[0m
          [36m</p>[39m
          [36m<p[39m
            [33mclass[39m=[
32m"section-text"[39m
          [36m>[39m
            [0mWith a 
commitment to excellence, we 
offer thoughtfully designed 
travel experiences, luxurious 
accommodations, guided 
Ziyarat, premium transfers, 
and end-to-end 
assistanceÔÇömaking every 
trip smooth from start to 
finish. Driven by our passion 
for hospitality and devotion 
to serving guests, we have 
become a trusted travel 
partner for families, 
pilgrims, and explorers.[0m
          [36m</p>[39m
        [36m</section>[39m
        [36m<section[39m
          [33mclass[39m=[32
m"about-section"[39m
          [33mid[39m=[32m"f
ounder-message"[39m
        [36m>[39m
          [36m<h2[39m
            [33mclass[39m=[
32m"section-title"[39m
          [36m>[39m
            [0mFounderÔÇÖs 
Message[0m
          [36m</h2>[39m
          [36m<h3[39m
            [33mclass[39m=[
32m"section-subtitle"[39m
          [36m>[39m
            [0mMoulana 
Shamsul Huda[0m
          [36m</h3>[39m
          [36m<div[39m
            [33mclass[39m=[
32m"founder-message-card"[39m
          [36m>[39m
            [36m<p[39m
              [33mclass[39m=
[32m"section-text 
italic"[39m
            [36m>[39m
              [0mÔÇ£At Al 
Goni Tours & Travels, we 
believe that travel is not 
just movementÔÇöit is a 
journey of the heart. For 
pilgrims undertaking Umrah or 
Ziyarat, it is a sacred 
experience that must be 
handled with utmost sincerity 
and care.ÔÇØ[0m
            [36m</p>[39m
            [36m<p[39m
              [33mclass[39m=
[32m"section-text 
italic"[39m
            [36m>[39m
              [0mÔÇ£My 
vision has always been to 
create a travel service where 
every guest feels respected, 
valued, and supported. We 
strive to provide comfort, 
guidance, and reliability at 
every step, treating every 
traveler as a part of our 
family.ÔÇØ[0m
            [36m</p>[39m
            [36m<p[39m
              [33mclass[39m=
[32m"section-text 
italic"[39m
            [36m>[39m
              [0mÔÇ£May 
every journey you take with 
us bring peace, ease, and 
blessings. We look forward to 
serving you with dedication 
and excellence.ÔÇØ[0m
            [36m</p>[39m
            [36m<p[39m
              [33mclass[39m=
[32m"founder-signature"[39m
            [36m>[39m
              [0mÔÇö Moulana 
Shamsul Huda, [0m
              [36m<span>[39m
                
[0mFounder[0m
              
[36m</span>[39m
            [36m</p>[39m
          [36m</div>[39m
        [36m</section>[39m
        [36m<section[39m
          [33mclass[39m=[32
m"about-section"[39m
          [33mid[39m=[32m"v
ision-mission"[39m
        [36m>[39m
          [36m<div[39m
            [33mclass[39m=[
32m"two-column"[39m
          [36m>[39m
            [36m<div[39m
              [33mclass[39m=
[32m"card"[39m
            [36m>[39m
              [36m<h2[39m
                [33mclass[39
m=[32m"section-title"[39m
              [36m>[39m
                [0mOur 
Vision[0m
              [36m</h2>[39m
              [36m<p[39m
                [33mclass[39
m=[32m"section-text"[39m
              [36m>[39m
                [0mTo become 
a globally trusted travel 
brand that delivers 
spiritually fulfilling, 
luxurious, and seamless 
travel 
experiencesÔÇöenhancing the 
comfort and confidence of 
every traveler who chooses 
us.[0m
              [36m</p>[39m
            [36m</div>[39m
            [36m<div[39m
              [33mclass[39m=
[32m"card"[39m
            [36m>[39m
              [36m<h2[39m
                [33mclass[39
m=[32m"section-title"[39m
              [36m>[39m
                [0mOur 
Mission[0m
              [36m</h2>[39m
              [36m<ul[39m
                [33mclass[39
m=[32m"section-list"[39m
              [36m>[39m
                [36m<li>[39m
                  [0mTo 
provide high-quality, 
transparent, and reliable 
travel solutions.[0m
                
[36m</li>[39m
                [36m<li>[39m
                  [0mTo 
deliver spiritually enriching 
Umrah and Ziyarat journeys 
with premium comfort.[0m
                
[36m</li>[39m
                [36m<li>[39m
                  [0mTo 
support every traveler with 
personalized care from 
planning to return.[0m
                
[36m</li>[39m
                [36m<li>[39m
                  [0mTo 
combine faith, hospitality, 
and modern travel convenience 
into a single experience.[0m
                
[36m</li>[39m
                [36m<li>[39m
                  [0mTo 
continuously innovate and 
upgrade our services to meet 
global standards.[0m
                
[36m</li>[39m
              [36m</ul>[39m
            [36m</div>[39m
          [36m</div>[39m
        [36m</section>[39m
        [36m<section[39m
          [33mclass[39m=[32
m"about-section"[39m
          [33mid[39m=[32m"v
alues"[39m
        [36m>[39m
          [36m<h2[39m
            [33mclass[39m=[
32m"section-title"[39m
          [36m>[39m
            [0mOur Values[0m
          [36m</h2>[39m
          [36m<div[39m
            [33mclass[39m=[
32m"values-grid"[39m
          [36m>[39m
            [36m<div[39m
              [33mclass[39m=
[32m"value-card"[39m
            [36m>[39m
              [36m<h3[39m
                [33mclass[39
m=[32m"value-title"[39m
              [36m>[39m
                [0mTrust & 
Integrity[0m
              [36m</h3>[39m
              [36m<p[39m
                [33mclass[39
m=[32m"section-text"[39m
              [36m>[39m
                [0mWe offer 
honest pricing, transparent 
processes, and complete 
reliabilityÔÇövalues that 
form the foundation of our 
service.[0m
              [36m</p>[39m
            [36m</div>[39m
            [36m<div[39m
              [33mclass[39m=
[32m"value-card"[39m
            [36m>[39m
              [36m<h3[39m
                [33mclass[39
m=[32m"value-title"[39m
              [36m>[39m
                
[0mHospitality with Heart[0m
              [36m</h3>[39m
              [36m<p[39m
                [33mclass[39
m=[32m"section-text"[39m
              [36m>[39m
                [0mEvery 
traveler is treated with 
respect, warmth, and genuine 
care.[0m
              [36m</p>[39m
            [36m</div>[39m
            [36m<div[39m
              [33mclass[39m=
[32m"value-card"[39m
            [36m>[39m
              [36m<h3[39m
                [33mclass[39
m=[32m"value-title"[39m
              [36m>[39m
                [0mSpiritual 
Responsibility[0m
              [36m</h3>[39m
              [36m<p[39m
                [33mclass[39
m=[32m"section-text"[39m
              [36m>[39m
                [0mOur Umrah 
and Ziyarat services are 
delivered with sincerity, 
guidance, and respect for 
sacred traditions.[0m
              [36m</p>[39m
            [36m</div>[39m
            [36m<div[39m
              [33mclass[39m=
[32m"value-card"[39m
            [36m>[39m
              [36m<h3[39m
                [33mclass[39
m=[32m"value-title"[39m
              [36m>[39m
                
[0mExcellence in Service[0m
              [36m</h3>[39m
              [36m<p[39m
                [33mclass[39
m=[32m"section-text"[39m
              [36m>[39m
                [0mFrom 
luxury transport to curated 
itineraries, we maintain 
premium quality in everything 
we do.[0m
              [36m</p>[39m
            [36m</div>[39m
            [36m<div[39m
              [33mclass[39m=
[32m"value-card"[39m
            [36m>[39m
              [36m<h3[39m
                [33mclass[39
m=[32m"value-title"[39m
              [36m>[39m
                [0mSafety & 
Comfort[0m
              [36m</h3>[39m
              [36m<p[39m
                [33mclass[39
m=[32m"section-text"[39m
              [36m>[39m
                [0mWe ensure 
every journey is smooth, 
secure, and stress-free.[0m
              [36m</p>[39m
            [36m</div>[39m
          [36m</div>[39m
        [36m</section>[39m
        [36m<section[39m
          [33mclass[39m=[32
m"about-section"[39m
          [33mid[39m=[32m"w
hy-trust"[39m
        [36m>[39m
          [36m<h2[39m
            [33mclass[39m=[
32m"section-title"[39m
          [36m>[39m
            [0mWhy 
Travellers Trust Us[0m
          [36m</h2>[39m
          [36m<div[39m
            [33mclass[39m=[
32m"trust-grid"[39m
          [36m>[39m
            [36m<div[39m
              [33mclass[39m=
[32m"trust-item"[39m
            [36m>[39m
              [36m<h3[39m
                [33mclass[39
m=[32m"trust-title"[39m
              [36m>[39m
                
[0mExperienced & Reliable 
Team[0m
              [36m</h3>[39m
              [36m<p[39m
                [33mclass[39
m=[32m"section-text"[39m
              [36m>[39m
                [0mYears of 
expertise in pilgrimage and 
international travel 
planning.[0m
              [36m</p>[39m
            [36m</div>[39m
            [36m<div[39m
              [33mclass[39m=
[32m"trust-item"[39m
            [36m>[39m
              [36m<h3[39m
                [33mclass[39
m=[32m"trust-title"[39m
              [36m>[39m
                [0mPremium 
Hospitality[0m
              [36m</h3>[39m
              [36m<p[39m
                [33mclass[39
m=[32m"section-text"[39m
              [36m>[39m
                [0mLuxury 
transportation, clean hotels, 
guided tours, and 
personalized attention.[0m
              [36m</p>[39m
            [36m</div>[39m
            [36m<div[39m
              [33mclass[39m=
[32m"trust-item"[39m
            [36m>[39m
              [36m<h3[39m
                [33mclass[39
m=[32m"trust-title"[39m
              [36m>[39m
                
[0mTransparent Pricing[0m
              [36m</h3>[39m
              [36m<p[39m
                [33mclass[39
m=[32m"section-text"[39m
              [36m>[39m
                [0mNo hidden 
chargesÔÇöevery detail is 
communicated clearly.[0m
              [36m</p>[39m
            [36m</div>[39m
            [36m<div[39m
              [33mclass[39m=
[32m"trust-item"[39m
            [36m>[39m
              [36m<h3[39m
                [33mclass[39
m=[32m"trust-title"[39m
              [36m>[39m
                
[0mEnd-to-End Support[0m
              [36m</h3>[39m
              [36m<p[39m
                [33mclass[39
m=[32m"section-text"[39m
              [36m>[39m
                [0mWe assist 
you with visas, flights, 
accommodation, guidance, and 
documentation.[0m
              [36m</p>[39m
            [36m</div>[39m
            [36m<div[39m
              [33mclass[39m=
[32m"trust-item"[39m
            [36m>[39m
              [36m<h3[39m
                [33mclass[39
m=[32m"trust-title"[39m
              [36m>[39m
                [0mSpiritual 
Guidance[0m
              [36m</h3>[39m
              [36m<p[39m
                [33mclass[39
m=[32m"section-text"[39m
              [36m>[39m
                [0mTraveling 
with a knowledgeable scholar 
ensures a spiritually 
uplifting experience.[0m
              [36m</p>[39m
            [36m</div>[39m
            [36m<div[39m
              [33mclass[39m=
[32m"trust-item"[39m
            [36m>[39m
              [36m<h3[39m
                [33mclass[39
m=[32m"trust-title"[39m
              [36m>[39m
                [0mModern 
Travel Solutions[0m
              [36m</h3>[39m
              [36m<p[39m
                [33mclass[39
m=[32m"section-text"[39m
              [36m>[39m
                [0mOnline 
bookings, digital itinerary 
sharing, 24/7 support, and 
expert assistance.[0m
              [36m</p>[39m
            [36m</div>[39m
          [36m</div>[39m
        [36m</section>[39m
      [36m</div>[39m
    [36m</main>[39m
  [36m</div>[39m
[36m</body>[39m
[90m [2mÔØ»[22m 
Object.getElementError node_mo
dules/@testing-library/dom/dis
t/config.js:[2m37:19[22m[39
m
[90m [2mÔØ»[22m node_module
s/@testing-library/dom/dist/qu
ery-helpers.js:[2m76:38[22m
[39m
[90m [2mÔØ»[22m node_module
s/@testing-library/dom/dist/qu
ery-helpers.js:[2m52:17[22m
[39m
[90m [2mÔØ»[22m node_module
s/@testing-library/dom/dist/qu
ery-helpers.js:[2m95:19[22m
[39m
[36m [2mÔØ»[22m src/__tests
__/About.test.jsx:[2m22:23[2
2m[39m
    [90m 20| [39m
    [90m 21| [39m        
[90m// Adjust based on 
actual About page content[39m
    [90m 22| [39m        [3
4mexpect[39m(screen[33m.[39
m[34mgetByText[39m([36m/Abo
ut Us/i[39m))[33m.[39m[34m
toBeInTheDocument[39m()[33m;
[39m
    [90m   | [39m           
           [31m^[39m
    [90m 23| [39m    
})[33m;[39m
    [90m 24| 
[39m})[33m;[39m

[31m[2mÔÄ»ÔÄ»ÔÄ»ÔÄ»ÔÄ»ÔÄ»ÔÄ»
ÔÄ»ÔÄ»ÔÄ»ÔÄ»ÔÄ»ÔÄ»ÔÄ»ÔÄ»ÔÄ»ÔÄ»
ÔÄ»ÔÄ»ÔÄ»ÔÄ»ÔÄ»ÔÄ»ÔÄ»[1/7]ÔÄ»
[22m[39m

[41m[1m FAIL [22m[49m src/
__tests__/Contact.test.jsx[2m
 > [22mContact Component[2m 
> [22mrenders contact form
[31m[1mTestingLibraryElement
Error[22m[39m: Unable to 
find a label with the text 
of: /Message/i

Ignored nodes: comments, 
script, style
[36m<body>[39m
  [36m<div>[39m
    [36m<div>[39m
      [36m<section[39m
        [33mstyle[39m=[32m"
background-color: 
var(--color-text-dark); 
color: white; padding: 80px 
0px; text-align: center;"[39m
      [36m>[39m
        [36m<div[39m
          [33mclass[39m=[32
m"container"[39m
        [36m>[39m
          [36m<h1[39m
            [33mstyle[39m=[
32m"font-size: 3rem; color: 
var(--color-gold);"[39m
          [36m>[39m
            [0mContact Us[0m
          [36m</h1>[39m
          [36m<p[39m
            [33mstyle[39m=[
32m"max-width: 600px; margin: 
0px auto; font-size: 1.2rem; 
color: rgb(204, 204, 
204);"[39m
          [36m>[39m
            [0mWe are here 
to help you plan your next 
journey. Reach out to us 
today.[0m
          [36m</p>[39m
        [36m</div>[39m
      [36m</section>[39m
      [36m<section[39m
        [33mclass[39m=[32m"
section-padding"[39m
      [36m>[39m
        [36m<div[39m
          [33mclass[39m=[32
m"container"[39m
        [36m>[39m
          [36m<div[39m
            [33mstyle[39m=[
32m"display: grid; 
grid-template-columns: 
repeat(auto-fit, 
minmax(300px, 1fr)); gap: 
200px;"[39m
          [36m>[39m
            [36m<div[39m
              [33mclass[39m=
[32m"contact-us"[39m
            [36m>[39m
              [36m<h3[39m
                [33mclass[39
m=[32m"visa-contact-title"[3
9m
              [36m>[39m
                [0mSend Us a 
Message[0m
              [36m</h3>[39m
              [36m<p[39m
                [33mclass[39
m=[32m"visa-contact-subtitle"
[39m
              [36m>[39m
                [0mShare 
your basic details and our 
team will get back to you 
with a customised 
guidance.[0m
              [36m</p>[39m
              [36m<form[39m
                [33mclass[39
m=[32m"visa-form"[39m
              [36m>[39m
                [36m<div[39m
                  [33mclass[
39m=[32m"visa-form-row"[39m
                [36m>[39m
                  
[36m<div[39m
                    [33mclass
[39m=[32m"visa-form-field"[
39m
                  [36m>[39m
                    
[36m<label[39m
                      [33mfor
[39m=[32m"fullName"[39m
                    
[36m>[39m
                      
[0mFull Name*[0m
                    
[36m</label>[39m
                    
[36m<input[39m
                      [33mid
[39m=[32m"fullName"[39m
                      [33mnam
e[39m=[32m"fullName"[39m
                      [33mpla
ceholder[39m=[32m"Enter 
your full name"[39m
                      [33mreq
uired[39m=[32m""[39m
                      [33mtyp
e[39m=[32m"text"[39m
                      
[33mvalue[39m=[32m""[39m
                    
[36m/>[39m
                  
[36m</div>[39m
                  
[36m<div[39m
                    [33mclass
[39m=[32m"visa-form-field"[
39m
                  [36m>[39m
                    
[36m<label[39m
                      [33mfor
[39m=[32m"phone"[39m
                    
[36m>[39m
                      
[0mWhatsApp / Phone*[0m
                    
[36m</label>[39m
                    
[36m<input[39m
                      
[33mid[39m=[32m"phone"[39m
                      [33mnam
e[39m=[32m"phone"[39m
                      [33mpla
ceholder[39m=[32m"+91 
..."[39m
                      [33mreq
uired[39m=[32m""[39m
                      
[33mtype[39m=[32m"tel"[39m
                      
[33mvalue[39m=[32m""[39m
                    
[36m/>[39m
                  
[36m</div>[39m
                
[36m</div>[39m
                [36m<div[39m
                  [33mclass[
39m=[32m"visa-form-row"[39m
                [36m>[39m
                  
[36m<div[39m
                    [33mclass
[39m=[32m"visa-form-field"[
39m
                  [36m>[39m
                    
[36m<label[39m
                      [33mfor
[39m=[32m"email"[39m
                    
[36m>[39m
                      
[0mEmail*[0m
                    
[36m</label>[39m
                    
[36m<input[39m
                      
[33mid[39m=[32m"email"[39m
                      [33mnam
e[39m=[32m"email"[39m
                      [33mpla
ceholder[39m=[32m"you@exampl
e.com"[39m
                      [33mreq
uired[39m=[32m""[39m
                      [33mtyp
e[39m=[32m"email"[39m
                      
[33mvalue[39m=[32m""[39m
                    
[36m/>[39m
                  
[36m</div>[39m
                  
[36m<div[39m
                    [33mclass
[39m=[32m"visa-form-field"[
39m
                  [36m>[39m
                    
[36m<label[39m
                      [33mfor
[39m=[32m"travelCountry"[39
m
                    
[36m>[39m
                      
[0mCountry of Travel*[0m
                    
[36m</label>[39m
                    
[36m<input[39m
                      [33mid
[39m=[32m"travelCountry"[39m
                      [33mnam
e[39m=[32m"travelCountry"[3
9m
                      [33mpla
ceholder[39m=[32m"Saudi 
Arabia, UAE, etc."[39m
                      [33mreq
uired[39m=[32m""[39m
                      [33mtyp
e[39m=[32m"text"[39m
                      
[33mvalue[39m=[32m""[39m
                    
[36m/>[39m
                  
[36m</div>[39m
                
[36m</div>[39m
                [36m<div[39m
                  [33mclass[
39m=[32m"visa-form-row"[39m
                [36m>[39m
                  
[36m<div[39m
                    [33mclass
[39m=[32m"visa-form-field"[
39m
                  [36m>[39m
                    
[36m<label[39m
                      [33mfor
[39m=[32m"travelType"[39m
                    
[36m>[39m
                      
[0mPurpose[0m
                    
[36m</label>[39m
                    
[36m<select[39m
                      [33mid
[39m=[32m"travelType"[39m
                      [33mnam
e[39m=[32m"travelType"[39m
                    
[36m>[39m
                      
[36m<option[39m
                        
[33mvalue[39m=[32m""[39m
                      
[36m>[39m
                        
[0mSelect purpose[0m
                      
[36m</option>[39m
                      
[36m<option[39m
                        
[33mvalue[39m=[32m"Hajj / 
Umrah / Ziyarat"[39m
                      
[36m>[39m
                        
[0mHajj / Umrah / Ziyarat[0m
                      
[36m</option>[39m
                      
[36m<option[39m
                        [33mv
alue[39m=[32m"Tickets"[39m
                      
[36m>[39m
                        
[0mFlight / Bus / Train 
Ticket[0m
                      
[36m</option>[39m
                      
[36m<option[39m
                        
[33mvalue[39m=[32m"Visa 
Assistance"[39m
                      
[36m>[39m
                        
[0mVisa Assistance[0m
                      
[36m</option>[39m
                      
[36m<option[39m
                        
[33mvalue[39m=[32m"Hotel 
Booking"[39m
                      
[36m>[39m
                        
[0mHotel Booking[0m
                      
[36m</option>[39m
                      
[36m<option[39m
                        
[33mvalue[39m=[32m"Tour 
Packages"[39m
                      
[36m>[39m
                        
[0mTour Packages[0m
                      
[36m</option>[39m
                      
[36m<option[39m
                        [33mv
alue[39m=[32m"Other"[39m
                      
[36m>[39m
                        
[0mOther[0m
                      
[36m</option>[39m
                    
[36m</select>[39m
                  
[36m</div>[39m
                
[36m</div>[39m
                [36m<div[39m
                  [33mclass[
39m=[32m"visa-form-row"[39m
                [36m>[39m
                  
[36m<div[39m
                    [33mclass
[39m=[32m"visa-form-field 
visa-form-field--full"[39m
                  [36m>[39m
                    
[36m<label[39m
                      [33mfor
[39m=[32m"message"[39m
                    
[36m>[39m
                      
[0mAdditional Details[0m
                    
[36m</label>[39m
                    
[36m<textarea[39m
                      [33mid
[39m=[32m"message"[39m
                      [33mnam
e[39m=[32m"message"[39m
                      [33mpla
ceholder[39m=[32m"Share 
your tentative travel dates, 
number of passengers, or any 
special requirements."[39m
                      
[33mrows[39m=[32m"4"[39m
                    
[36m/>[39m
                  
[36m</div>[39m
                
[36m</div>[39m
                [36m<div[39m
                  [33mclass[
39m=[32m"visa-form-actions"[
39m
                [36m>[39m
                  
[36m<button[39m
                    [33mclass
[39m=[32m"visa-button"[39m
                    [33mtype
[39m=[32m"submit"[39m
                  [36m>[39m
                    
[0mSubmit Enquiry[0m
                  
[36m</button>[39m
                  [36m<a[39m
                    [33mclass
[39m=[32m"visa-wa-link"[39m
                    [33mhref
[39m=[32m"https://wa.me/91943
4135749?text=I%20need%20help%2
0with%20travel%20assistance"[
39m
                    
[33mrel[39m=[32m"noopener 
noreferrer"[39m
                    [33mtarge
t[39m=[32m"_blank"[39m
                  [36m>[39m
                    [0mOr 
chat on WhatsApp[0m
                  
[36m</a>[39m
                
[36m</div>[39m
              
[36m</form>[39m
            [36m</div>[39m
            [36m<div>[39m
              [36m<h2[39m
                [33mstyle[39
m=[32m"margin-bottom: 
1.5rem;"[39m
              [36m>[39m
                [0mGet in 
Touch[0m
              [36m</h2>[39m
              [36m<div[39m
                [33mstyle[39
m=[32m"display: flex; 
flex-direction: column; gap: 
30px;"[39m
              [36m>[39m
                [36m<div[39m
                  [33mstyle[
39m=[32m"display: flex; gap: 
20px;"[39m
                [36m>[39m
                  
[36m<div[39m
                    
[33mstyle[39m=[32m"width: 
50px; height: 50px; 
background-color: 
var(--color-cream); 
border-radius: 50%; display: 
flex; align-items: center; 
justify-content: center; 
flex-shrink: 0;"[39m
                  [36m>[39m
                    
[36m<svg[39m
                      [33mari
a-hidden[39m=[32m"true"[39m
                      
[33mclass[39m=[32m"lucide 
lucide-map-pin"[39m
                      [33mfil
l[39m=[32m"none"[39m
                      [33mhei
ght[39m=[32m"24"[39m
                      [33mstr
oke[39m=[32m"var(--color-gol
d)"[39m
                      [33mstr
oke-linecap[39m=[32m"round"
[39m
                      [33mstr
oke-linejoin[39m=[32m"round"
[39m
                      [33mstr
oke-width[39m=[32m"2"[39m
                      
[33mviewBox[39m=[32m"0 0 
24 24"[39m
                      
[33mwidth[39m=[32m"24"[39m
                      [33mxml
ns[39m=[32m"http://www.w3.or
g/2000/svg"[39m
                    
[36m>[39m
                      
[36m<path[39m
                        
[33md[39m=[32m"M20 10c0 
4.993-5.539 10.193-7.399 
11.799a1 1 0 0 1-1.202 
0C9.539 20.193 4 14.993 4 
10a8 8 0 0 1 16 0"[39m
                      
[36m/>[39m
                      
[36m<circle[39m
                        
[33mcx[39m=[32m"12"[39m
                        
[33mcy[39m=[32m"10"[39m
                        
[33mr[39m=[32m"3"[39m
                      
[36m/>[39m
                    
[36m</svg>[39m
                  
[36m</div>[39m
                  
[36m<div>[39m
                    
[36m<h3[39m
                      [33msty
le[39m=[32m"font-size: 
1.2rem; margin-bottom: 
5px;"[39m
                    
[36m>[39m
                      [0mOur 
Office[0m
                    
[36m</h3>[39m
                    
[36m<p[39m
                      
[33mstyle[39m=[32m"color: 
var(--color-text-light);"[39m
                    
[36m>[39m
                      
[0mAlam Market, Pandua, 
Hooghly[0m
                      
[36m<br />[39m
                      
[0mWest Bengal, India, 
712149[0m
                    
[36m</p>[39m
                  
[36m</div>[39m
                
[36m</div>[39m
                [36m<div[39m
                  [33mstyle[
39m=[32m"display: flex; gap: 
20px;"[39m
                [36m>[39m
                  
[36m<div[39m
                    
[33mstyle[39m=[32m"width: 
50px; height: 50px; 
background-color: 
var(--color-cream); 
border-radius: 50%; display: 
flex; align-items: center; 
justify-content: center; 
flex-shrink: 0;"[39m
                  [36m>[39m
                    
[36m<svg[39m
                      [33mari
a-hidden[39m=[32m"true"[39m
                      
[33mclass[39m=[32m"lucide 
lucide-phone"[39m
                      [33mfil
l[39m=[32m"none"[39m
                      [33mhei
ght[39m=[32m"24"[39m
                      [33mstr
oke[39m=[32m"var(--color-gol
d)"[39m
                      [33mstr
oke-linecap[39m=[32m"round"
[39m
                      [33mstr
oke-linejoin[39m=[32m"round"
[39m
                      [33mstr
oke-width[39m=[32m"2"[39m
                      
[33mviewBox[39m=[32m"0 0 
24 24"[39m
                      
[33mwidth[39m=[32m"24"[39m
                      [33mxml
ns[39m=[32m"http://www.w3.or
g/2000/svg"[39m
                    
[36m>[39m
                      
[36m<path[39m
                        
[33md[39m=[32m"M13.832 
16.568a1 1 0 0 0 
1.213-.303l.355-.465A2 2 0 0 
1 17 15h3a2 2 0 0 1 2 2v3a2 2 
0 0 1-2 2A18 18 0 0 1 2 4a2 2 
0 0 1 2-2h3a2 2 0 0 1 2 2v3a2 
2 0 0 1-.8 1.6l-.468.351a1 1 
0 0 0-.292 1.233 14 14 0 0 0 
6.392 6.384"[39m
                      
[36m/>[39m
                    
[36m</svg>[39m
                  
[36m</div>[39m
                  
[36m<div>[39m
                    
[36m<h3[39m
                      [33msty
le[39m=[32m"font-size: 
1.2rem; margin-bottom: 
5px;"[39m
                    
[36m>[39m
                      
[0mPhone Number[0m
                    
[36m</h3>[39m
                    
[36m<p[39m
                      
[33mstyle[39m=[32m"color: 
var(--color-text-light);"[39m
                    
[36m>[39m
                      [0m+91 
94341 35749[0m
                      
[36m<br />[39m
                      [0m+91 
95646 20164[0m
                    
[36m</p>[39m
                  
[36m</div>[39m
                
[36m</div>[39m
                [36m<div[39m
                  [33mstyle[
39m=[32m"display: flex; gap: 
20px;"[39m
                [36m>[39m
                  
[36m<div[39m
                    
[33mstyle[39m=[32m"width: 
50px; height: 50px; 
background-color: 
var(--color-cream); 
border-radius: 50%; display: 
flex; align-items: center; 
justify-content: center; 
flex-shrink: 0;"[39m
                  [36m>[39m
                    
[36m<svg[39m
                      [33mari
a-hidden[39m=[32m"true"[39m
                      
[33mclass[39m=[32m"lucide 
lucide-mail"[39m
                      [33mfil
l[39m=[32m"none"[39m
                      [33mhei
ght[39m=[32m"24"[39m
                      [33mstr
oke[39m=[32m"var(--color-gol
d)"[39m
                      [33mstr
oke-linecap[39m=[32m"round"
[39m
                      [33mstr
oke-linejoin[39m=[32m"round"
[39m
                      [33mstr
oke-width[39m=[32m"2"[39m
                      
[33mviewBox[39m=[32m"0 0 
24 24"[39m
                      
[33mwidth[39m=[32m"24"[39m
                      [33mxml
ns[39m=[32m"http://www.w3.or
g/2000/svg"[39m
                    
[36m>[39m
                      
[36m<path[39m
                        
[33md[39m=[32m"m22 7-8.991 
5.727a2 2 0 0 1-2.009 0L2 
7"[39m
                      
[36m/>[39m
                      
[36m<rect[39m
                        [33mh
eight[39m=[32m"16"[39m
                        
[33mrx[39m=[32m"2"[39m
                        
[33mwidth[39m=[32m"20"[39m
                        
[33mx[39m=[32m"2"[39m
                        
[33my[39m=[32m"4"[39m
                      
[36m/>[39m
                    
[36m</svg>[39m
                  
[36m</div>[39m
                  
[36m<div>[39m
                    
[36m<h3[39m
                      [33msty
le[39m=[32m"font-size: 
1.2rem; margin-bottom: 
5px;"[39m
                    
[36m>[39m
                      
[0mEmail Address[0m
                    
[36m</h3>[39m
                    
[36m<p[39m
                      
[33mstyle[39m=[32m"color: 
var(--color-text-light);"[39m
                    
[36m>[39m
                      [0mal.g
oni.tours.and.travels@gmail.co
m[0m
                    
[36m</p>[39m
                  
[36m</div>[39m
                
[36m</div>[39m
                [36m<div[39m
                  [33mstyle[
39m=[32m"display: flex; gap: 
20px;"[39m
                [36m>[39m
                  
[36m<div[39m
                    
[33mstyle[39m=[32m"width: 
50px; height: 50px; 
background-color: 
var(--color-cream); 
border-radius: 50%; display: 
flex; align-items: center; 
justify-content: center; 
flex-shrink: 0;"[39m
                  [36m>[39m
                    
[36m<svg[39m
                      [33mari
a-hidden[39m=[32m"true"[39m
                      
[33mclass[39m=[32m"lucide 
lucide-clock"[39m
                      [33mfil
l[39m=[32m"none"[39m
                      [33mhei
ght[39m=[32m"24"[39m
                      [33mstr
oke[39m=[32m"var(--color-gol
d)"[39m
                      [33mstr
oke-linecap[39m=[32m"round"
[39m
                      [33mstr
oke-linejoin[39m=[32m"round"
[39m
                      [33mstr
oke-width[39m=[32m"2"[39m
                      
[33mviewBox[39m=[32m"0 0 
24 24"[39m
                      
[33mwidth[39m=[32m"24"[39m
                      [33mxml
ns[39m=[32m"http://www.w3.or
g/2000/svg"[39m
                    
[36m>[39m
                      
[36m<path[39m
                        
[33md[39m=[32m"M12 6v6l4 
2"[39m
                      
[36m/>[39m
                      
[36m<circle[39m
                        
[33mcx[39m=[32m"12"[39m
                        
[33mcy[39m=[32m"12"[39m
                        
[33mr[39m=[32m"10"[39m
                      
[36m/>[39m
                    
[36m</svg>[39m
                  
[36m</div>[39m
                  
[36m<div>[39m
                    
[36m<h3[39m
                      [33msty
le[39m=[32m"font-size: 
1.2rem; margin-bottom: 
5px;"[39m
                    
[36m>[39m
                      
[0mWorking Hours[0m
                    
[36m</h3>[39m
                    
[36m<p[39m
                      
[33mstyle[39m=[32m"color: 
var(--color-text-light);"[39m
                    
[36m>[39m
                      
[0mSaturday - Friday: 9:00 
AM - 6:00 PM[0m
                    
[36m</p>[39m
                  
[36m</div>[39m
                
[36m</div>[39m
              [36m</div>[39m
            [36m</div>[39m
          [36m</div>[39m
        [36m</div>[39m
      [36m</section>[39m
    [36m</div>[39m
  [36m</div>[39m
[36m</body>[39m
[90m [2mÔØ»[22m 
Object.getElementError node_mo
dules/@testing-library/dom/dis
t/config.js:[2m37:19[22m[39
m
[90m [2mÔØ»[22m 
getAllByLabelText node_modules
/@testing-library/dom/dist/que
ries/label-text.js:[2m111:38
[22m[39m
[90m [2mÔØ»[22m node_module
s/@testing-library/dom/dist/qu
ery-helpers.js:[2m52:17[22m
[39m
[90m [2mÔØ»[22m node_module
s/@testing-library/dom/dist/qu
ery-helpers.js:[2m95:19[22m
[39m
[36m [2mÔØ»[22m src/__tests
__/Contact.test.jsx:[2m19:23
[22m[39m
    [90m 17| [39m        exp
ect(screen.getByLabelText(/Ful
l 
Name/i)).toBeInTheDocument(ÔÇª
    [90m 18| [39m        [3
4mexpect[39m(screen[33m.[39
m[34mgetByLabelText[39m([36
m/Email/i[39m))[33m.[39m[3
4mtoBeInTheDocument[39m()[33
m;[39m
    [90m 19| [39m        [3
4mexpect[39m(screen[33m.[39
m[34mgetByLabelText[39m([36
m/Message/i[39m))[33m.[39m
[34mtoBeInTheDocument[39m()[
33m;[39m
    [90m   | [39m           
           [31m^[39m
    [90m 20| [39m    
})[33m;[39m
    [90m 21| [39m

[31m[2mÔÄ»ÔÄ»ÔÄ»ÔÄ»ÔÄ»ÔÄ»ÔÄ»
ÔÄ»ÔÄ»ÔÄ»ÔÄ»ÔÄ»ÔÄ»ÔÄ»ÔÄ»ÔÄ»ÔÄ»
ÔÄ»ÔÄ»ÔÄ»ÔÄ»ÔÄ»ÔÄ»ÔÄ»[2/7]ÔÄ»
[22m[39m

[41m[1m FAIL [22m[49m src/
__tests__/Footer.test.jsx[2m 
> [22mFooter Component[2m > 
[22mrenders footer content
[31m[1mTestingLibraryElement
Error[22m[39m: Found 
multiple elements with the 
text: /Al Goni Tours and 
Travels/i

Here are the matching 
elements:

Ignored nodes: comments, 
script, style
[36m<h3[39m
  
[33mstyle[39m=[32m"color: 
var(--color-white); margin: 
0px;"[39m
[36m>[39m
  [0mAl Goni Tours and 
Travels[0m
[36m</h3>[39m

Ignored nodes: comments, 
script, style
[36m<p>[39m
  [0m┬® [0m
  [0m2025[0m
  [0m Al Goni Tours and 
Travels. All rights 
reserved.[0m
[36m</p>[39m

(If this is intentional, then 
use the `*AllBy*` variant of 
the query (like 
`queryAllByText`, 
`getAllByText`, or 
`findAllByText`)).

Ignored nodes: comments, 
script, style
[36m<body>[39m
  [36m<div>[39m
    [36m<footer[39m
      [33mstyle[39m=[32m"ba
ckground-color: 
var(--color-text-dark); 
color: var(--color-white); 
padding-top: 60px; 
padding-bottom: 20px;"[39m
    [36m>[39m
      [36m<div[39m
        [33mclass[39m=[32m"
container"[39m
      [36m>[39m
        [36m<div[39m
          [33mstyle[39m=[32
m"display: grid; 
grid-template-columns: 
repeat(auto-fit, 
minmax(250px, 1fr)); gap: 
40px; margin-bottom: 
40px;"[39m
        [36m>[39m
          [36m<div>[39m
            [36m<div[39m
              [33mstyle[39m=
[32m"display: flex; 
align-items: center; gap: 
10px; margin-bottom: 
20px;"[39m
            [36m>[39m
              [36m<img[39m
                
[33malt[39m=[32m"Al Goni 
Tours and Travels"[39m
                [33msrc[39m=
[32m"/logo.png"[39m
                
[33mstyle[39m=[32m"height: 
40px;"[39m
              [36m/>[39m
              [36m<h3[39m
                
[33mstyle[39m=[32m"color: 
var(--color-white); margin: 
0px;"[39m
              [36m>[39m
                [0mAl Goni 
Tours and Travels[0m
              [36m</h3>[39m
            [36m</div>[39m
            [36m<p[39m
              
[33mstyle[39m=[32m"color: 
rgb(204, 204, 204); 
margin-bottom: 20px;"[39m
            [36m>[39m
              [0mYour 
trusted partner for spiritual 
journeys and luxury travel 
experiences. We make your 
dreams come true with our 
premium services.[0m
            [36m</p>[39m
            [36m<div[39m
              [33mstyle[39m=
[32m"display: flex; gap: 
15px;"[39m
            [36m>[39m
              [36m<a[39m
                [33mhref[39m
=[32m"https://www.instagram.c
om/algonitours/"[39m
                
[33mrel[39m=[32m"noopener 
noreferrer"[39m
                
[33mstyle[39m=[32m"color: 
var(--color-gold);"[39m
                [33mtarget[3
9m=[32m"_blank"[39m
              [36m>[39m
                [36m<svg[39m
                  [33maria-hi
dden[39m=[32m"true"[39m
                  
[33mclass[39m=[32m"lucide 
lucide-instagram"[39m
                  [33mfill[3
9m=[32m"none"[39m
                  [33mheight
[39m=[32m"20"[39m
                  [33mstroke
[39m=[32m"currentColor"[39m
                  [33mstroke-
linecap[39m=[32m"round"[39m
                  [33mstroke-
linejoin[39m=[32m"round"[39
m
                  [33mstroke-
width[39m=[32m"2"[39m
                  
[33mviewBox[39m=[32m"0 0 
24 24"[39m
                  
[33mwidth[39m=[32m"20"[39m
                  [33mxmlns[
39m=[32m"http://www.w3.org/20
00/svg"[39m
                [36m>[39m
                  
[36m<rect[39m
                    [33mheigh
t[39m=[32m"20"[39m
                    
[33mrx[39m=[32m"5"[39m
                    
[33mry[39m=[32m"5"[39m
                    
[33mwidth[39m=[32m"20"[39m
                    
[33mx[39m=[32m"2"[39m
                    
[33my[39m=[32m"2"[39m
                  [36m/>[39m
                  
[36m<path[39m
                    
[33md[39m=[32m"M16 11.37A4 
4 0 1 1 12.63 8 4 4 0 0 1 16 
11.37z"[39m
                  [36m/>[39m
                  
[36m<line[39m
                    
[33mx1[39m=[32m"17.5"[39m
                    
[33mx2[39m=[32m"17.51"[39m
                    
[33my1[39m=[32m"6.5"[39m
                    
[33my2[39m=[32m"6.5"[39m
                  [36m/>[39m
                
[36m</svg>[39m
              [36m</a>[39m
              [36m<a[39m
                [33mhref[39m
=[32m"https://www.facebook.co
m/algonitours"[39m
                
[33mrel[39m=[32m"noopener 
noreferrer"[39m
                
[33mstyle[39m=[32m"color: 
var(--color-gold);"[39m
                [33mtarget[3
9m=[32m"_blank"[39m
              [36m>[39m
                [36m<svg[39m
                  [33maria-hi
dden[39m=[32m"true"[39m
                  
[33mclass[39m=[32m"lucide 
lucide-facebook"[39m
                  [33mfill[3
9m=[32m"none"[39m
                  [33mheight
[39m=[32m"20"[39m
                  [33mstroke
[39m=[32m"currentColor"[39m
                  [33mstroke-
linecap[39m=[32m"round"[39m
                  [33mstroke-
linejoin[39m=[32m"round"[39
m
                  [33mstroke-
width[39m=[32m"2"[39m
                  
[33mviewBox[39m=[32m"0 0 
24 24"[39m
                  
[33mwidth[39m=[32m"20"[39m
                  [33mxmlns[
39m=[32m"http://www.w3.org/20
00/svg"[39m
                [36m>[39m
                  
[36m<path[39m
                    
[33md[39m=[32m"M18 2h-3a5 
5 0 0 0-5 
5v3H7v4h3v8h4v-8h3l1-4h-4V7a1 
1 0 0 1 1-1h3z"[39m
                  [36m/>[39m
                
[36m</svg>[39m
              [36m</a>[39m
              [36m<a[39m
                [33mhref[39m
=[32m"https://twitter.com/alg
onitours"[39m
                
[33mrel[39m=[32m"noopener 
noreferrer"[39m
                
[33mstyle[39m=[32m"color: 
var(--color-gold);"[39m
                [33mtarget[3
9m=[32m"_blank"[39m
              [36m>[39m
                [36m<svg[39m
                  [33maria-hi
dden[39m=[32m"true"[39m
                  
[33mclass[39m=[32m"lucide 
lucide-twitter"[39m
                  [33mfill[3
9m=[32m"none"[39m
                  [33mheight
[39m=[32m"20"[39m
                  [33mstroke
[39m=[32m"currentColor"[39m
                  [33mstroke-
linecap[39m=[32m"round"[39m
                  [33mstroke-
linejoin[39m=[32m"round"[39
m
                  [33mstroke-
width[39m=[32m"2"[39m
                  
[33mviewBox[39m=[32m"0 0 
24 24"[39m
                  
[33mwidth[39m=[32m"20"[39m
                  [33mxmlns[
39m=[32m"http://www.w3.org/20
00/svg"[39m
                [36m>[39m
                  
[36m<path[39m
                    
[33md[39m=[32m"M22 4s-.7 
2.1-2 3.4c1.6 10-9.4 17.3-18 
11.6 2.2.1 4.4-.6 6-2C3 
15.5.5 9.6 3 5c2.2 2.6 5.6 
4.1 9 4-.9-4.2 4-6.6 7-3.8 
1.1 0 3-1.2 3-1.2z"[39m
                  [36m/>[39m
                
[36m</svg>[39m
              [36m</a>[39m
            [36m</div>[39m
          [36m</div>[39m
          [36m<div>[39m
            [36m<h4[39m
              
[33mstyle[39m=[32m"color: 
var(--color-gold); 
margin-bottom: 20px;"[39m
            [36m>[39m
              [0mQuick 
Links[0m
            [36m</h4>[39m
            [36m<ul[39m
              [33mstyle[39m=
[32m"list-style: none; 
padding: 0px;"[39m
            [36m>[39m
              [36m<li[39m
                [33mstyle[39
m=[32m"margin-bottom: 
10px;"[39m
              [36m>[39m
                [36m<a[39m
                  
[33mhref[39m=[32m"/"[39m
                  
[33mstyle[39m=[32m"color: 
rgb(204, 204, 204);"[39m
                [36m>[39m
                  [0mHome[0m
                [36m</a>[39m
              [36m</li>[39m
              [36m<li[39m
                [33mstyle[39
m=[32m"margin-bottom: 
10px;"[39m
              [36m>[39m
                [36m<a[39m
                  [33mhref[3
9m=[32m"/about"[39m
                  
[33mstyle[39m=[32m"color: 
rgb(204, 204, 204);"[39m
                [36m>[39m
                  [0mAbout 
Us[0m
                [36m</a>[39m
              [36m</li>[39m
              [36m<li[39m
                [33mstyle[39
m=[32m"margin-bottom: 
10px;"[39m
              [36m>[39m
                [36m<a[39m
                  [33mhref[3
9m=[32m"/services"[39m
                  
[33mstyle[39m=[32m"color: 
rgb(204, 204, 204);"[39m
                [36m>[39m
                  
[0mServices[0m
                [36m</a>[39m
              [36m</li>[39m
              [36m<li[39m
                [33mstyle[39
m=[32m"margin-bottom: 
10px;"[39m
              [36m>[39m
                [36m<a[39m
                  [33mhref[3
9m=[32m"/contact"[39m
                  
[33mstyle[39m=[32m"color: 
rgb(204, 204, 204);"[39m
                [36m>[39m
                  [0mContact 
Us[0m
                [36m</a>[39m
              [36m</li>[39m
            [36m</ul>[39m
          [36m</div>[39m
          [36m<div>[39m
            [36m<h4[39m
              
[33mstyle[39m=[32m"color: 
var(--color-gold); 
margin-bottom: 20px;"[39m
            [36m>[39m
              [0mContact 
Us[0m
            [36m</h4>[39m
            [36m<ul[39m
              [33mstyle[39m=
[32m"list-style: none; 
padding: 0px;"[39m
            [36m>[39m
              [36m<li[39m
                [33mstyle[39
m=[32m"margin-bottom: 15px; 
display: flex; gap: 10px; 
color: rgb(204, 204, 
204);"[39m
              [36m>[39m
                [36m<svg[39m
                  [33maria-hi
dden[39m=[32m"true"[39m
                  
[33mclass[39m=[32m"lucide 
lucide-map-pin"[39m
                  [33mfill[3
9m=[32m"none"[39m
                  [33mheight
[39m=[32m"40"[39m
                  [33mstroke
[39m=[32m"currentColor"[39m
                  [33mstroke-
linecap[39m=[32m"round"[39m
                  [33mstroke-
linejoin[39m=[32m"round"[39
m
                  [33mstroke-
width[39m=[32m"2"[39m
                  
[33mstyle[39m=[32m"color: 
var(--color-gold); min-width: 
20px;"[39m
                  
[33mviewBox[39m=[32m"0 0 
24 24"[39m
                  
[33mwidth[39m=[32m"40"[39m
                  [33mxmlns[
39m=[32m"http://www.w3.org/20
00/svg"[39m
                [36m>[39m
                  
[36m<path[39m
                    
[33md[39m=[32m"M20 10c0 
4.993-5.539 10.193-7.399 
11.799a1 1 0 0 1-1.202 
0C9.539 20.193 4 14.993 4 
10a8 8 0 0 1 16 0"[39m
                  [36m/>[39m
                  
[36m<circle[39m
                    
[33mcx[39m=[32m"12"[39m
                    
[33mcy[39m=[32m"10"[39m
                    
[33mr[39m=[32m"3"[39m
                  [36m/>[39m
                
[36m</svg>[39m
                
[36m<span>[39m
                  [0mAlam 
Market, Pandua, Hooghly, West 
Bengal, India, 712149[0m
                
[36m</span>[39m
              [36m</li>[39m
              [36m<li[39m
                [33mstyle[39
m=[32m"margin-bottom: 15px; 
display: flex; gap: 10px; 
color: rgb(204, 204, 
204);"[39m
              [36m>[39m
                [36m<svg[39m
                  [33maria-hi
dden[39m=[32m"true"[39m
                  
[33mclass[39m=[32m"lucide 
lucide-phone"[39m
                  [33mfill[3
9m=[32m"none"[39m
                  [33mheight
[39m=[32m"25"[39m
                  [33mstroke
[39m=[32m"currentColor"[39m
                  [33mstroke-
linecap[39m=[32m"round"[39m
                  [33mstroke-
linejoin[39m=[32m"round"[39
m
                  [33mstroke-
width[39m=[32m"2"[39m
                  
[33mstyle[39m=[32m"color: 
var(--color-gold); min-width: 
20px;"[39m
                  
[33mviewBox[39m=[32m"0 0 
24 24"[39m
                  
[33mwidth[39m=[32m"25"[39m
                  [33mxmlns[
39m=[32m"http://www.w3.org/20
00/svg"[39m
                [36m>[39m
                  
[36m<path[39m
                    
[33md[39m=[32m"M13.832 
16.568a1 1 0 0 0 
1.213-.303l.355-.465A2 2 0 0 
1 17 15h3a2 2 0 0 1 2 2v3a2 2 
0 0 1-2 2A18 18 0 0 1 2 4a2 2 
0 0 1 2-2h3a2 2 0 0 1 2 2v3a2 
2 0 0 1-.8 1.6l-.468.351a1 1 
0 0 0-.292 1.233 14 14 0 0 0 
6.392 6.384"[39m
                  [36m/>[39m
                
[36m</svg>[39m
                
[36m<span>[39m
                  [0m+91 
94341 35749[0m
                
[36m</span>[39m
              [36m</li>[39m
              [36m<li[39m
                [33mstyle[39
m=[32m"margin-bottom: 15px; 
display: flex; gap: 10px; 
color: rgb(204, 204, 
204);"[39m
              [36m>[39m
                [36m<svg[39m
                  [33maria-hi
dden[39m=[32m"true"[39m
                  
[33mclass[39m=[32m"lucide 
lucide-mail"[39m
                  [33mfill[3
9m=[32m"none"[39m
                  [33mheight
[39m=[32m"25"[39m
                  [33mstroke
[39m=[32m"currentColor"[39m
                  [33mstroke-
linecap[39m=[32m"round"[39m
                  [33mstroke-
linejoin[39m=[32m"round"[39
m
                  [33mstroke-
width[39m=[32m"2"[39m
                  
[33mstyle[39m=[32m"color: 
var(--color-gold); min-width: 
20px;"[39m
                  
[33mviewBox[39m=[32m"0 0 
24 24"[39m
                  
[33mwidth[39m=[32m"25"[39m
                  [33mxmlns[
39m=[32m"http://www.w3.org/20
00/svg"[39m
                [36m>[39m
                  
[36m<path[39m
                    
[33md[39m=[32m"m22 7-8.991 
5.727a2 2 0 0 1-2.009 0L2 
7"[39m
                  [36m/>[39m
                  
[36m<rect[39m
                    [33mheigh
t[39m=[32m"16"[39m
                    
[33mrx[39m=[32m"2"[39m
                    
[33mwidth[39m=[32m"20"[39m
                    
[33mx[39m=[32m"2"[39m
                    
[33my[39m=[32m"4"[39m
                  [36m/>[39m
                
[36m</svg>[39m
                
[36m<span>[39m
                  [0mal.goni.
tours.and.travels@gmail.com[0
m
                
[36m</span>[39m
              [36m</li>[39m
            [36m</ul>[39m
          [36m</div>[39m
        [36m</div>[39m
        [36m<div[39m
          [33mstyle[39m=[32
m"border-top: 1px solid 
rgb(68, 68, 68); padding-top: 
20px; text-align: center; 
color: rgb(136, 136, 
136);"[39m
        [36m>[39m
          [36m<p>[39m
            [0m┬® [0m
            [0m2025[0m
            [0m Al Goni 
Tours and Travels. All rights 
reserved.[0m
          [36m</p>[39m
        [36m</div>[39m
      [36m</div>[39m
    [36m</footer>[39m
  [36m</div>[39m
[36m</body>[39m
[90m [2mÔØ»[22m 
Object.getElementError node_mo
dules/@testing-library/dom/dis
t/config.js:[2m37:19[22m[39
m
[90m [2mÔØ»[22m 
getElementError node_modules/@
testing-library/dom/dist/query
-helpers.js:[2m20:35[22m[39
m
[90m [2mÔØ»[22m 
getMultipleElementsFoundError 
node_modules/@testing-library/
dom/dist/query-helpers.js:[2m
23:10[22m[39m
[90m [2mÔØ»[22m node_module
s/@testing-library/dom/dist/qu
ery-helpers.js:[2m55:13[22m
[39m
[90m [2mÔØ»[22m node_module
s/@testing-library/dom/dist/qu
ery-helpers.js:[2m95:19[22m
[39m
[36m [2mÔØ»[22m src/__tests
__/Footer.test.jsx:[2m13:23[
22m[39m
    [90m 11| [39m           
 [33m<[39m[33m/[39m[33mBr
owserRouter[39m[33m>[39m
    [90m 12| [39m        
)[33m;[39m
    [90m 13| [39m        
expect(screen.getByText(/Al 
Goni Tours and 
Travels/i)).toBeInTÔÇª
    [90m   | [39m           
           [31m^[39m
    [90m 14| [39m        [3
4mexpect[39m(screen[33m.[39
m[34mgetByText[39m([36m/Qui
ck Links/i[39m))[33m.[39m[
34mtoBeInTheDocument[39m()[3
3m;[39m
    [90m 15| [39m        [3
4mexpect[39m(screen[33m.[39
m[34mgetByText[39m([36m/Con
tact Info/i[39m))[33m.[39m
[34mtoBeInTheDocument[39m()[
33m;[39m

[31m[2mÔÄ»ÔÄ»ÔÄ»ÔÄ»ÔÄ»ÔÄ»ÔÄ»
ÔÄ»ÔÄ»ÔÄ»ÔÄ»ÔÄ»ÔÄ»ÔÄ»ÔÄ»ÔÄ»ÔÄ»
ÔÄ»ÔÄ»ÔÄ»ÔÄ»ÔÄ»ÔÄ»ÔÄ»[3/7]ÔÄ»
[22m[39m

[41m[1m FAIL [22m[49m src/
__tests__/HolidayPackages.test
.jsx[2m > 
[22mHolidayPackages 
Component[2m > [22mrenders 
holiday packages
[31m[1mTestingLibraryElement
Error[22m[39m: Unable to 
find an element with the 
text: Paris. This could be 
because the text is broken up 
by multiple elements. In this 
case, you can provide a 
function for your text 
matcher to make your matcher 
more flexible.

Ignored nodes: comments, 
script, style
[36m<body>[39m
  [36m<div>[39m
    [36m<div[39m
      [33mclass[39m=[32m"vi
sa-section"[39m
    [36m>[39m
      [36m<div[39m
        [33mclass[39m=[32m"
visa-container"[39m
      [36m>[39m
        [36m<div[39m
          [33mclass[39m=[32
m"visa-header 
text-center"[39m
          [33mstyle[39m=[32
m"opacity: 0; transform: 
translateY(20px);"[39m
        [36m>[39m
          [36m<div[39m
            [33mclass[39m=[
32m"visa-kicker"[39m
          [36m>[39m
            [0mTravel The 
World[0m
          [36m</div>[39m
          [36m<h1[39m
            [33mclass[39m=[
32m"visa-title"[39m
          [36m>[39m
            [0mHoliday [0m
            [36m<span[39m
              [33mclass[39m=
[32m"text-gold"[39m
            [36m>[39m
              [0mPackages[0m
            [36m</span>[39m
          [36m</h1>[39m
          [36m<p[39m
            [33mclass[39m=[
32m"visa-subtitle"[39m
            
[33mstyle[39m=[32m"margin: 
0px auto;"[39m
          [36m>[39m
            [0mExplore our 
wide range of holiday 
packages to exotic 
destinations around the 
world.[0m
          [36m</p>[39m
        [36m</div>[39m
        [36m<div[39m
          [33mclass[39m=[32
m"visa-grid"[39m
        [36m>[39m
          [36m<div[39m
            [33mclass[39m=[
32m"visa-card"[39m
            [33mstyle[39m=[
32m"padding: 0px; overflow: 
hidden; display: flex; 
flex-direction: column; 
opacity: 0; transform: 
translateY(20px);"[39m
          [36m>[39m
            [36m<a[39m
              
[33mhref[39m=[32m"/"[39m
              [33mstyle[39m=
[32m"display: block; height: 
100%; width: 100%; 
text-decoration: none;"[39m
            [36m>[39m
              [36m<div[39m
                [33mstyle[39
m=[32m"position: relative; 
height: 200px; overflow: 
hidden;"[39m
              [36m>[39m
                [36m<img[39m
                  [33msrc[39
m=[32m"paris.jpg"[39m
                  
[33mstyle[39m=[32m"width: 
100%; height: 100%; 
object-fit: cover; opacity: 
1; transition: opacity 0.3s 
ease-in-out;"[39m
                [36m/>[39m
                [36m<div[39m
                  [33mstyle[
39m=[32m"position: absolute; 
bottom: 0px; left: 0px; 
right: 0px; background: 
linear-gradient(to top, 
rgba(0, 0, 0, 0.7), 
transparent); padding: 1rem; 
color: white; z-index: 
10;"[39m
                [36m>[39m
                  
[36m<div[39m
                    [33mstyle
[39m=[32m"display: flex; 
align-items: center; 
font-size: 0.85rem; 
margin-bottom: 0.25rem;"[39m
                  [36m>[39m
                    
[36m<svg[39m
                      [33mari
a-hidden[39m=[32m"true"[39m
                      
[33mclass[39m=[32m"lucide 
lucide-map-pin"[39m
                      [33mfil
l[39m=[32m"none"[39m
                      [33mhei
ght[39m=[32m"14"[39m
                      [33mstr
oke[39m=[32m"currentColor"[
39m
                      [33mstr
oke-linecap[39m=[32m"round"
[39m
                      [33mstr
oke-linejoin[39m=[32m"round"
[39m
                      [33mstr
oke-width[39m=[32m"2"[39m
                      [33msty
le[39m=[32m"margin-right: 
0.25rem; color: 
var(--color-gold);"[39m
                      
[33mviewBox[39m=[32m"0 0 
24 24"[39m
                      
[33mwidth[39m=[32m"14"[39m
                      [33mxml
ns[39m=[32m"http://www.w3.or
g/2000/svg"[39m
                    
[36m>[39m
                      
[36m<path[39m
                        
[33md[39m=[32m"M20 10c0 
4.993-5.539 10.193-7.399 
11.799a1 1 0 0 1-1.202 
0C9.539 20.193 4 14.993 4 
10a8 8 0 0 1 16 0"[39m
                      
[36m/>[39m
                      
[36m<circle[39m
                        
[33mcx[39m=[32m"12"[39m
                        
[33mcy[39m=[32m"10"[39m
                        
[33mr[39m=[32m"3"[39m
                      
[36m/>[39m
                    
[36m</svg>[39m
                  
[36m</div>[39m
                  
[36m<h3[39m
                    [33mstyle
[39m=[32m"font-size: 
1.4rem; font-weight: bold; 
margin: 0px; color: 
white;"[39m
                  [36m/>[39m
                
[36m</div>[39m
              [36m</div>[39m
              [36m<div[39m
                [33mstyle[39
m=[32m"padding: 1.5rem; 
flex: 1 1 0%; display: flex; 
flex-direction: column;"[39m
              [36m>[39m
                [36m<div[39m
                  [33mstyle[
39m=[32m"display: flex; 
justify-content: 
space-between; align-items: 
center; margin-top: 
auto;"[39m
                [36m>[39m
                  
[36m<div>[39m
                    
[36m<span[39m
                      [33msty
le[39m=[32m"font-size: 
0.75rem; color: rgb(136, 136, 
136); display: block;"[39m
                    
[36m>[39m
                      
[0mStarting from[0m
                    
[36m</span>[39m
                    
[36m<span[39m
                      [33msty
le[39m=[32m"font-size: 
1.1rem; font-weight: bold; 
color: 
var(--color-gold);"[39m
                    
[36m>[39m
                      
[0m1000[0m
                    
[36m</span>[39m
                  
[36m</div>[39m
                  
[36m<span[39m
                    [33mclass
[39m=[32m"visa-button"[39m
                    [33mstyle
[39m=[32m"padding: 0.5rem 
1rem; font-size: 0.85rem; 
display: flex; align-items: 
center; gap: 5px;"[39m
                  [36m>[39m
                    [0mView 
[0m
                    
[36m<svg[39m
                      [33mari
a-hidden[39m=[32m"true"[39m
                      
[33mclass[39m=[32m"lucide 
lucide-arrow-right"[39m
                      [33mfil
l[39m=[32m"none"[39m
                      [33mhei
ght[39m=[32m"14"[39m
                      [33mstr
oke[39m=[32m"currentColor"[
39m
                      [33mstr
oke-linecap[39m=[32m"round"
[39m
                      [33mstr
oke-linejoin[39m=[32m"round"
[39m
                      [33mstr
oke-width[39m=[32m"2"[39m
                      
[33mviewBox[39m=[32m"0 0 
24 24"[39m
                      
[33mwidth[39m=[32m"14"[39m
                      [33mxml
ns[39m=[32m"http://www.w3.or
g/2000/svg"[39m
                    
[36m>[39m
                      
[36m<path[39m
                        
[33md[39m=[32m"M5 
12h14"[39m
                      
[36m/>[39m
                      
[36m<path[39m
                        
[33md[39m=[32m"m12 5 7 7-7 
7"[39m
                      
[36m/>[39m
                    
[36m</svg>[39m
                  
[36m</span>[39m
                
[36m</div>[39m
              [36m</div>[39m
            [36m</a>[39m
          [36m</div>[39m
          [36m<div[39m
            [33mclass[39m=[
32m"visa-card"[39m
            [33mstyle[39m=[
32m"padding: 0px; overflow: 
hidden; display: flex; 
flex-direction: column; 
opacity: 0; transform: 
translateY(20px);"[39m
          [36m>[39m
            [36m<a[39m
              
[33mhref[39m=[32m"/"[39m
              [33mstyle[39m=
[32m"display: block; height: 
100%; width: 100%; 
text-decoration: none;"[39m
            [36m>[39m
              [36m<div[39m
                [33mstyle[39
m=[32m"position: relative; 
height: 200px; overflow: 
hidden;"[39m
              [36m>[39m
                [36m<img[39m
                  [33msrc[39
m=[32m"london.jpg"[39m
                  
[33mstyle[39m=[32m"width: 
100%; height: 100%; 
object-fit: cover; opacity: 
1; transition: opacity 0.3s 
ease-in-out;"[39m
                [36m/>[39m
                [36m<div[39m
                  [33mstyle[
39m=[32m"position: absolute; 
bottom: 0px; left: 0px; 
right: 0px; background: 
linear-gradient(to top, 
rgba(0, 0, 0, 0.7), 
transparent); padding: 1rem; 
color: white; z-index: 
10;"[39m
                [36m>[39m
                  
[36m<div[39m
                    [33mstyle
[39m=[32m"display: flex; 
align-items: center; 
font-size: 0.85rem; 
margin-bottom: 0.25rem;"[39m
                  [36m>[39m
                    
[36m<svg[39m
                      [33mari
a-hidden[39m=[32m"true"[39m
                      
[33mclass[39m=[32m"lucide 
lucide-map-pin"[39m
                      [33mfil
l[39m=[32m"none"[39m
                      [33mhei
ght[39m=[32m"14"[39m
                      [33mstr
oke[39m=[32m"currentColor"[
39m
                      [33mstr
oke-linecap[39m=[32m"round"
[39m
                      [33mstr
oke-linejoin[39m=[32m"round"
[39m
                      [33mstr
oke-width[39m=[32m"2"[39m
                      [33msty
le[39m=[32m"margin-right: 
0.25rem; color: 
var(--color-gold);"[39m
                      
[33mviewBox[39m=[32m"0 0 
24 24"[39m
                      
[33mwidth[39m=[32m"14"[39m
                      [33mxml
ns[39m=[32m"http://www.w3.or
g/2000/svg"[39m
                    
[36m>[39m
                      
[36m<path[39m
                        
[33md[39m=[32m"M20 10c0 
4.993-5.539 10.193-7.399 
11.799a1 1 0 0 1-1.202 
0C9.539 20.193 4 14.993 4 
10a8 8 0 0 1 16 0"[39m
                      
[36m/>[39m
                      
[36m<circle[39m
                        
[33mcx[39m=[32m"12"[39m
                        
[33mcy[39m=[32m"10"[39m
                        
[33mr[39m=[32m"3"[39m
                      
[36m/>[39m
                    
[36m</svg>[39m
                  
[36m</div>[39m
                  
[36m<h3[39m
                    [33mstyle
[39m=[32m"font-size: 
1.4rem; font-weight: bold; 
margin: 0px; color: 
white;"[39m
                  [36m/>[39m
                
[36m</div>[39m
              [36m</div>[39m
              [36m<div[39m
                [33mstyle[39
m=[32m"padding: 1.5rem; 
flex: 1 1 0%; display: flex; 
flex-direction: column;"[39m
              [36m>[39m
                [36m<div[39m
                  [33mstyle[
39m=[32m"display: flex; 
justify-content: 
space-between; align-items: 
center; margin-top: 
auto;"[39m
                [36m>[39m
                  
[36m<div>[39m
                    
[36m<span[39m
                      [33msty
le[39m=[32m"font-size: 
0.75rem; color: rgb(136, 136, 
136); display: block;"[39m
                    
[36m>[39m
                      
[0mStarting from[0m
                    
[36m</span>[39m
                    
[36m<span[39m
                      [33msty
le[39m=[32m"font-size: 
1.1rem; font-weight: bold; 
color: 
var(--color-gold);"[39m
                    
[36m>[39m
                      
[0m1200[0m
                    
[36m</span>[39m
                  
[36m</div>[39m
                  
[36m<span[39m
                    [33mclass
[39m=[32m"visa-button"[39m
                    [33mstyle
[39m=[32m"padding: 0.5rem 
1rem; font-size: 0.85rem; 
display: flex; align-items: 
center; gap: 5px;"[39m
                  [36m>[39m
                    [0mView 
[0m
                    
[36m<svg[39m
                      [33mari
a-hidden[39m=[32m"true"[39m
                      
[33mclass[39m=[32m"lucide 
lucide-arrow-right"[39m
                      [33mfil
l[39m=[32m"none"[39m
                      [33mhei
ght[39m=[32m"14"[39m
                      [33mstr
oke[39m=[32m"currentColor"[
39m
                      [33mstr
oke-linecap[39m=[32m"round"
[39m
                      [33mstr
oke-linejoin[39m=[32m"round"
[39m
                      [33mstr
oke-width[39m=[32m"2"[39m
                      
[33mviewBox[39m=[32m"0 0 
24 24"[39m
                      
[33mwidth[39m=[32m"14"[39m
                      [33mxml
ns[39m=[32m"http://www.w3.or
g/2000/svg"[39m
                    
[36m>[39m
                      
[36m<path[39m
                        
[33md[39m=[32m"M5 
12h14"[39m
                      
[36m/>[39m
                      
[36m<path[39m
                        
[33md[39m=[32m"m12 5 7 7-7 
7"[39m
                      
[36m/>[39m
                    
[36m</svg>[39m
                  
[36m</span>[39m
                
[36m</div>[39m
              [36m</div>[39m
            [36m</a>[39m
          [36m</div>[39m
        [36m</div>[39m
      [36m</div>[39m
    [36m</div>[39m
  [36m</div>[39m
[36m</body>[39m
[90m [2mÔØ»[22m 
Object.getElementError node_mo
dules/@testing-library/dom/dis
t/config.js:[2m37:19[22m[39
m
[90m [2mÔØ»[22m node_module
s/@testing-library/dom/dist/qu
ery-helpers.js:[2m76:38[22m
[39m
[90m [2mÔØ»[22m node_module
s/@testing-library/dom/dist/qu
ery-helpers.js:[2m52:17[22m
[39m
[90m [2mÔØ»[22m node_module
s/@testing-library/dom/dist/qu
ery-helpers.js:[2m95:19[22m
[39m
[36m [2mÔØ»[22m src/__tests
__/HolidayPackages.test.jsx:[
2m27:23[22m[39m
    [90m 25| [39m        
)[33m;[39m
    [90m 26| [39m
    [90m 27| [39m        [3
4mexpect[39m(screen[33m.[39
m[34mgetByText[39m([32m'Par
is'[39m))[33m.[39m[34mtoBe
InTheDocument[39m()[33m;[39
m
    [90m   | [39m           
           [31m^[39m
    [90m 28| [39m        [3
4mexpect[39m(screen[33m.[39
m[34mgetByText[39m([32m'Lon
don'[39m))[33m.[39m[34mtoB
eInTheDocument[39m()[33m;[3
9m
    [90m 29| [39m    
})[33m;[39m

[31m[2mÔÄ»ÔÄ»ÔÄ»ÔÄ»ÔÄ»ÔÄ»ÔÄ»
ÔÄ»ÔÄ»ÔÄ»ÔÄ»ÔÄ»ÔÄ»ÔÄ»ÔÄ»ÔÄ»ÔÄ»
ÔÄ»ÔÄ»ÔÄ»ÔÄ»ÔÄ»ÔÄ»ÔÄ»[4/7]ÔÄ»
[22m[39m

[41m[1m FAIL [22m[49m src/
__tests__/HolidayPackages.test
.jsx[2m > 
[22mHolidayPackages 
Component[2m > [22mfilters 
out non-destination packages
[31m[1mTestingLibraryElement
Error[22m[39m: Unable to 
find an element with the 
text: Paris. This could be 
because the text is broken up 
by multiple elements. In this 
case, you can provide a 
function for your text 
matcher to make your matcher 
more flexible.

Ignored nodes: comments, 
script, style
[36m<body>[39m
  [36m<div>[39m
    [36m<div[39m
      [33mclass[39m=[32m"vi
sa-section"[39m
    [36m>[39m
      [36m<div[39m
        [33mclass[39m=[32m"
visa-container"[39m
      [36m>[39m
        [36m<div[39m
          [33mclass[39m=[32
m"visa-header 
text-center"[39m
          [33mstyle[39m=[32
m"opacity: 0; transform: 
translateY(20px);"[39m
        [36m>[39m
          [36m<div[39m
            [33mclass[39m=[
32m"visa-kicker"[39m
          [36m>[39m
            [0mTravel The 
World[0m
          [36m</div>[39m
          [36m<h1[39m
            [33mclass[39m=[
32m"visa-title"[39m
          [36m>[39m
            [0mHoliday [0m
            [36m<span[39m
              [33mclass[39m=
[32m"text-gold"[39m
            [36m>[39m
              [0mPackages[0m
            [36m</span>[39m
          [36m</h1>[39m
          [36m<p[39m
            [33mclass[39m=[
32m"visa-subtitle"[39m
            
[33mstyle[39m=[32m"margin: 
0px auto;"[39m
          [36m>[39m
            [0mExplore our 
wide range of holiday 
packages to exotic 
destinations around the 
world.[0m
          [36m</p>[39m
        [36m</div>[39m
        [36m<div[39m
          [33mclass[39m=[32
m"visa-grid"[39m
        [36m>[39m
          [36m<div[39m
            [33mclass[39m=[
32m"visa-card"[39m
            [33mstyle[39m=[
32m"padding: 0px; overflow: 
hidden; display: flex; 
flex-direction: column; 
opacity: 0; transform: 
translateY(20px);"[39m
          [36m>[39m
            [36m<a[39m
              
[33mhref[39m=[32m"/"[39m
              [33mstyle[39m=
[32m"display: block; height: 
100%; width: 100%; 
text-decoration: none;"[39m
            [36m>[39m
              [36m<div[39m
                [33mstyle[39
m=[32m"position: relative; 
height: 200px; overflow: 
hidden;"[39m
              [36m>[39m
                [36m<img[39m
                  [33msrc[39
m=[32m"paris.jpg"[39m
                  
[33mstyle[39m=[32m"width: 
100%; height: 100%; 
object-fit: cover; opacity: 
1; transition: opacity 0.3s 
ease-in-out;"[39m
                [36m/>[39m
                [36m<div[39m
                  [33mstyle[
39m=[32m"position: absolute; 
bottom: 0px; left: 0px; 
right: 0px; background: 
linear-gradient(to top, 
rgba(0, 0, 0, 0.7), 
transparent); padding: 1rem; 
color: white; z-index: 
10;"[39m
                [36m>[39m
                  
[36m<div[39m
                    [33mstyle
[39m=[32m"display: flex; 
align-items: center; 
font-size: 0.85rem; 
margin-bottom: 0.25rem;"[39m
                  [36m>[39m
                    
[36m<svg[39m
                      [33mari
a-hidden[39m=[32m"true"[39m
                      
[33mclass[39m=[32m"lucide 
lucide-map-pin"[39m
                      [33mfil
l[39m=[32m"none"[39m
                      [33mhei
ght[39m=[32m"14"[39m
                      [33mstr
oke[39m=[32m"currentColor"[
39m
                      [33mstr
oke-linecap[39m=[32m"round"
[39m
                      [33mstr
oke-linejoin[39m=[32m"round"
[39m
                      [33mstr
oke-width[39m=[32m"2"[39m
                      [33msty
le[39m=[32m"margin-right: 
0.25rem; color: 
var(--color-gold);"[39m
                      
[33mviewBox[39m=[32m"0 0 
24 24"[39m
                      
[33mwidth[39m=[32m"14"[39m
                      [33mxml
ns[39m=[32m"http://www.w3.or
g/2000/svg"[39m
                    
[36m>[39m
                      
[36m<path[39m
                        
[33md[39m=[32m"M20 10c0 
4.993-5.539 10.193-7.399 
11.799a1 1 0 0 1-1.202 
0C9.539 20.193 4 14.993 4 
10a8 8 0 0 1 16 0"[39m
                      
[36m/>[39m
                      
[36m<circle[39m
                        
[33mcx[39m=[32m"12"[39m
                        
[33mcy[39m=[32m"10"[39m
                        
[33mr[39m=[32m"3"[39m
                      
[36m/>[39m
                    
[36m</svg>[39m
                  
[36m</div>[39m
                  
[36m<h3[39m
                    [33mstyle
[39m=[32m"font-size: 
1.4rem; font-weight: bold; 
margin: 0px; color: 
white;"[39m
                  [36m/>[39m
                
[36m</div>[39m
              [36m</div>[39m
              [36m<div[39m
                [33mstyle[39
m=[32m"padding: 1.5rem; 
flex: 1 1 0%; display: flex; 
flex-direction: column;"[39m
              [36m>[39m
                [36m<div[39m
                  [33mstyle[
39m=[32m"display: flex; 
justify-content: 
space-between; align-items: 
center; margin-top: 
auto;"[39m
                [36m>[39m
                  
[36m<div>[39m
                    
[36m<span[39m
                      [33msty
le[39m=[32m"font-size: 
0.75rem; color: rgb(136, 136, 
136); display: block;"[39m
                    
[36m>[39m
                      
[0mStarting from[0m
                    
[36m</span>[39m
                    
[36m<span[39m
                      [33msty
le[39m=[32m"font-size: 
1.1rem; font-weight: bold; 
color: 
var(--color-gold);"[39m
                    
[36m>[39m
                      
[0m1000[0m
                    
[36m</span>[39m
                  
[36m</div>[39m
                  
[36m<span[39m
                    [33mclass
[39m=[32m"visa-button"[39m
                    [33mstyle
[39m=[32m"padding: 0.5rem 
1rem; font-size: 0.85rem; 
display: flex; align-items: 
center; gap: 5px;"[39m
                  [36m>[39m
                    [0mView 
[0m
                    
[36m<svg[39m
                      [33mari
a-hidden[39m=[32m"true"[39m
                      
[33mclass[39m=[32m"lucide 
lucide-arrow-right"[39m
                      [33mfil
l[39m=[32m"none"[39m
                      [33mhei
ght[39m=[32m"14"[39m
                      [33mstr
oke[39m=[32m"currentColor"[
39m
                      [33mstr
oke-linecap[39m=[32m"round"
[39m
                      [33mstr
oke-linejoin[39m=[32m"round"
[39m
                      [33mstr
oke-width[39m=[32m"2"[39m
                      
[33mviewBox[39m=[32m"0 0 
24 24"[39m
                      
[33mwidth[39m=[32m"14"[39m
                      [33mxml
ns[39m=[32m"http://www.w3.or
g/2000/svg"[39m
                    
[36m>[39m
                      
[36m<path[39m
                        
[33md[39m=[32m"M5 
12h14"[39m
                      
[36m/>[39m
                      
[36m<path[39m
                        
[33md[39m=[32m"m12 5 7 7-7 
7"[39m
                      
[36m/>[39m
                    
[36m</svg>[39m
                  
[36m</span>[39m
                
[36m</div>[39m
              [36m</div>[39m
            [36m</a>[39m
          [36m</div>[39m
        [36m</div>[39m
      [36m</div>[39m
    [36m</div>[39m
  [36m</div>[39m
[36m</body>[39m
[90m [2mÔØ»[22m 
Object.getElementError node_mo
dules/@testing-library/dom/dis
t/config.js:[2m37:19[22m[39
m
[90m [2mÔØ»[22m node_module
s/@testing-library/dom/dist/qu
ery-helpers.js:[2m76:38[22m
[39m
[90m [2mÔØ»[22m node_module
s/@testing-library/dom/dist/qu
ery-helpers.js:[2m52:17[22m
[39m
[90m [2mÔØ»[22m node_module
s/@testing-library/dom/dist/qu
ery-helpers.js:[2m95:19[22m
[39m
[36m [2mÔØ»[22m src/__tests
__/HolidayPackages.test.jsx:[
2m45:23[22m[39m
    [90m 43| [39m        
)[33m;[39m
    [90m 44| [39m
    [90m 45| [39m        [3
4mexpect[39m(screen[33m.[39
m[34mgetByText[39m([32m'Par
is'[39m))[33m.[39m[34mtoBe
InTheDocument[39m()[33m;[39
m
    [90m   | [39m           
           [31m^[39m
    [90m 46| [39m        exp
ect(screen.queryByText('Hajj P
ackage')).not.toBeInTheDocumeÔ
Çª
    [90m 47| [39m    
})[33m;[39m

[31m[2mÔÄ»ÔÄ»ÔÄ»ÔÄ»ÔÄ»ÔÄ»ÔÄ»
ÔÄ»ÔÄ»ÔÄ»ÔÄ»ÔÄ»ÔÄ»ÔÄ»ÔÄ»ÔÄ»ÔÄ»
ÔÄ»ÔÄ»ÔÄ»ÔÄ»ÔÄ»ÔÄ»ÔÄ»[5/7]ÔÄ»
[22m[39m

[41m[1m FAIL [22m[49m src/
__tests__/Home.test.jsx[2m > 
[22mHome Page[2m > 
[22mrenders home page content
{
  stack: 'AggregateError: \n' 
+
    '    at aggregateErrors (C
:\\Users\\mdosm\\Desktop\\AL 
GONI TOURS AND TRAVELS\\algoni
tours\\node_modules\\react\\cj
s\\react.development.js:551:11
)\n' +
    '    at process.env.NODE_E
NV.exports.act (C:\\Users\\mdo
sm\\Desktop\\AL GONI TOURS 
AND TRAVELS\\algonitours\\node
_modules\\react\\cjs\\react.de
velopment.js:897:24)\n' +
    '    at 
C:\\Users\\mdosm\\Desktop\\AL 
GONI TOURS AND TRAVELS\\algoni
tours\\node_modules\\@testing-
library\\react\\dist\\act-comp
at.js:47:25\n' +
    '    at renderRoot (C:\\Us
ers\\mdosm\\Desktop\\AL GONI 
TOURS AND TRAVELS\\algonitours
\\node_modules\\@testing-libra
ry\\react\\dist\\pure.js:190:2
6)\n' +
    '    at render (C:\\Users\
\mdosm\\Desktop\\AL GONI 
TOURS AND TRAVELS\\algonitours
\\node_modules\\@testing-libra
ry\\react\\dist\\pure.js:292:1
0)\n' +
    '    at 
C:/Users/mdosm/Desktop/AL 
GONI TOURS AND TRAVELS/algonit
ours/src/__tests__/Home.test.j
sx:16:9\n' +
    '    at file:///C:/Users/m
dosm/Desktop/AL%20GONI%20TOURS
%20AND%20TRAVELS/algonitours/n
ode_modules/@vitest/runner/dis
t/index.js:145:11\n' +
    '    at file:///C:/Users/m
dosm/Desktop/AL%20GONI%20TOURS
%20AND%20TRAVELS/algonitours/n
ode_modules/@vitest/runner/dis
t/index.js:919:26\n' +
    '    at file:///C:/Users/m
dosm/Desktop/AL%20GONI%20TOURS
%20AND%20TRAVELS/algonitours/n
ode_modules/@vitest/runner/dis
t/index.js:1244:20\n' +
    '    at new Promise 
(<anonymous>)',
  errors: [
    {
      stack: 'TypeError: () 
=> ({\n' +
        '  observe: () => 
null,\n' +
        '  unobserve: () => 
null,\n' +
        '  disconnect: () => 
null\n' +
        '}) is not a 
constructor\n' +
        '    at new Mock (file
:///C:/Users/mdosm/Desktop/AL%
20GONI%20TOURS%20AND%20TRAVELS
/algonitours/node_modules/@vit
est/spy/dist/index.js:262:27)\
n' +
        '    at 
initIntersectionObserver (file
:///C:/Users/mdosm/Desktop/AL%
20GONI%20TOURS%20AND%20TRAVELS
/algonitours/node_modules/fram
er-motion/dist/es/motion/featu
res/viewport/observers.mjs:35:
30)\n' +
        '    at 
observeIntersection (file:///C
:/Users/mdosm/Desktop/AL%20GON
I%20TOURS%20AND%20TRAVELS/algo
nitours/node_modules/framer-mo
tion/dist/es/motion/features/v
iewport/observers.mjs:40:39)\n
' +
        '    at 
InViewFeature.startObserver (f
ile:///C:/Users/mdosm/Desktop/
AL%20GONI%20TOURS%20AND%20TRAV
ELS/algonitours/node_modules/f
ramer-motion/dist/es/motion/fe
atures/viewport/index.mjs:52:1
6)\n' +
        '    at 
InViewFeature.mount (file:///C
:/Users/mdosm/Desktop/AL%20GON
I%20TOURS%20AND%20TRAVELS/algo
nitours/node_modules/framer-mo
tion/dist/es/motion/features/v
iewport/index.mjs:55:14)\n' +
        '    at HTMLVisualElem
ent.updateFeatures (file:///C:
/Users/mdosm/Desktop/AL%20GONI
%20TOURS%20AND%20TRAVELS/algon
itours/node_modules/framer-mot
ion/dist/es/render/VisualEleme
nt.mjs:259:29)\n' +
        '    at file:///C:/Use
rs/mdosm/Desktop/AL%20GONI%20T
OURS%20AND%20TRAVELS/algonitou
rs/node_modules/framer-motion/
dist/es/motion/utils/use-visua
l-element.mjs:71:23\n' +
        '    at Object.react_s
tack_bottom_frame (C:\\Users\\
mdosm\\Desktop\\AL GONI TOURS 
AND TRAVELS\\algonitours\\node
_modules\\react-dom\\cjs\\reac
t-dom-client.development.js:25
989:20)\n' +
        '    at 
runWithFiberInDEV (C:\\Users\\
mdosm\\Desktop\\AL GONI TOURS 
AND TRAVELS\\algonitours\\node
_modules\\react-dom\\cjs\\reac
t-dom-client.development.js:87
4:13)\n' +
        '    at 
commitHookEffectListMount (C:\
\Users\\mdosm\\Desktop\\AL 
GONI TOURS AND TRAVELS\\algoni
tours\\node_modules\\react-dom
\\cjs\\react-dom-client.develo
pment.js:13249:29)',
      message: '() => ({\n' +
        '  observe: () => 
null,\n' +
        '  unobserve: () => 
null,\n' +
        '  disconnect: () => 
null\n' +
        '}) is not a 
constructor',
      constructor: 
'Function<TypeError>',
      name: 'TypeError',
      toString: 
'Function<toString>'
    },
    {
      stack: 'TypeError: () 
=> ({\n' +
        '  observe: () => 
null,\n' +
        '  unobserve: () => 
null,\n' +
        '  disconnect: () => 
null\n' +
        '}) is not a 
constructor\n' +
        '    at new Mock (file
:///C:/Users/mdosm/Desktop/AL%
20GONI%20TOURS%20AND%20TRAVELS
/algonitours/node_modules/@vit
est/spy/dist/index.js:262:27)\
n' +
        '    at 
initIntersectionObserver (file
:///C:/Users/mdosm/Desktop/AL%
20GONI%20TOURS%20AND%20TRAVELS
/algonitours/node_modules/fram
er-motion/dist/es/motion/featu
res/viewport/observers.mjs:35:
30)\n' +
        '    at 
observeIntersection (file:///C
:/Users/mdosm/Desktop/AL%20GON
I%20TOURS%20AND%20TRAVELS/algo
nitours/node_modules/framer-mo
tion/dist/es/motion/features/v
iewport/observers.mjs:40:39)\n
' +
        '    at 
InViewFeature.startObserver (f
ile:///C:/Users/mdosm/Desktop/
AL%20GONI%20TOURS%20AND%20TRAV
ELS/algonitours/node_modules/f
ramer-motion/dist/es/motion/fe
atures/viewport/index.mjs:52:1
6)\n' +
        '    at 
InViewFeature.mount (file:///C
:/Users/mdosm/Desktop/AL%20GON
I%20TOURS%20AND%20TRAVELS/algo
nitours/node_modules/framer-mo
tion/dist/es/motion/features/v
iewport/index.mjs:55:14)\n' +
        '    at HTMLVisualElem
ent.updateFeatures (file:///C:
/Users/mdosm/Desktop/AL%20GONI
%20TOURS%20AND%20TRAVELS/algon
itours/node_modules/framer-mot
ion/dist/es/render/VisualEleme
nt.mjs:259:29)\n' +
        '    at file:///C:/Use
rs/mdosm/Desktop/AL%20GONI%20T
OURS%20AND%20TRAVELS/algonitou
rs/node_modules/framer-motion/
dist/es/motion/utils/use-visua
l-element.mjs:71:23\n' +
        '    at Object.react_s
tack_bottom_frame (C:\\Users\\
mdosm\\Desktop\\AL GONI TOURS 
AND TRAVELS\\algonitours\\node
_modules\\react-dom\\cjs\\reac
t-dom-client.development.js:25
989:20)\n' +
        '    at 
runWithFiberInDEV (C:\\Users\\
mdosm\\Desktop\\AL GONI TOURS 
AND TRAVELS\\algonitours\\node
_modules\\react-dom\\cjs\\reac
t-dom-client.development.js:87
4:13)\n' +
        '    at 
commitHookEffectListMount (C:\
\Users\\mdosm\\Desktop\\AL 
GONI TOURS AND TRAVELS\\algoni
tours\\node_modules\\react-dom
\\cjs\\react-dom-client.develo
pment.js:13249:29)',
      message: '() => ({\n' +
        '  observe: () => 
null,\n' +
        '  unobserve: () => 
null,\n' +
        '  disconnect: () => 
null\n' +
        '}) is not a 
constructor',
      constructor: 
'Function<TypeError>',
      name: 'TypeError',
      toString: 
'Function<toString>'
    },
    {
      stack: 'TypeError: () 
=> ({\n' +
        '  observe: () => 
null,\n' +
        '  unobserve: () => 
null,\n' +
        '  disconnect: () => 
null\n' +
        '}) is not a 
constructor\n' +
        '    at new Mock (file
:///C:/Users/mdosm/Desktop/AL%
20GONI%20TOURS%20AND%20TRAVELS
/algonitours/node_modules/@vit
est/spy/dist/index.js:262:27)\
n' +
        '    at 
initIntersectionObserver (file
:///C:/Users/mdosm/Desktop/AL%
20GONI%20TOURS%20AND%20TRAVELS
/algonitours/node_modules/fram
er-motion/dist/es/motion/featu
res/viewport/observers.mjs:35:
30)\n' +
        '    at 
observeIntersection (file:///C
:/Users/mdosm/Desktop/AL%20GON
I%20TOURS%20AND%20TRAVELS/algo
nitours/node_modules/framer-mo
tion/dist/es/motion/features/v
iewport/observers.mjs:40:39)\n
' +
        '    at 
InViewFeature.startObserver (f
ile:///C:/Users/mdosm/Desktop/
AL%20GONI%20TOURS%20AND%20TRAV
ELS/algonitours/node_modules/f
ramer-motion/dist/es/motion/fe
atures/viewport/index.mjs:52:1
6)\n' +
        '    at 
InViewFeature.mount (file:///C
:/Users/mdosm/Desktop/AL%20GON
I%20TOURS%20AND%20TRAVELS/algo
nitours/node_modules/framer-mo
tion/dist/es/motion/features/v
iewport/index.mjs:55:14)\n' +
        '    at HTMLVisualElem
ent.updateFeatures (file:///C:
/Users/mdosm/Desktop/AL%20GONI
%20TOURS%20AND%20TRAVELS/algon
itours/node_modules/framer-mot
ion/dist/es/render/VisualEleme
nt.mjs:259:29)\n' +
        '    at file:///C:/Use
rs/mdosm/Desktop/AL%20GONI%20T
OURS%20AND%20TRAVELS/algonitou
rs/node_modules/framer-motion/
dist/es/motion/utils/use-visua
l-element.mjs:71:23\n' +
        '    at Object.react_s
tack_bottom_frame (C:\\Users\\
mdosm\\Desktop\\AL GONI TOURS 
AND TRAVELS\\algonitours\\node
_modules\\react-dom\\cjs\\reac
t-dom-client.development.js:25
989:20)\n' +
        '    at 
runWithFiberInDEV (C:\\Users\\
mdosm\\Desktop\\AL GONI TOURS 
AND TRAVELS\\algonitours\\node
_modules\\react-dom\\cjs\\reac
t-dom-client.development.js:87
4:13)\n' +
        '    at 
commitHookEffectListMount (C:\
\Users\\mdosm\\Desktop\\AL 
GONI TOURS AND TRAVELS\\algoni
tours\\node_modules\\react-dom
\\cjs\\react-dom-client.develo
pment.js:13249:29)',
      message: '() => ({\n' +
        '  observe: () => 
null,\n' +
        '  unobserve: () => 
null,\n' +
        '  disconnect: () => 
null\n' +
        '}) is not a 
constructor',
      constructor: 
'Function<TypeError>',
      name: 'TypeError',
      toString: 
'Function<toString>'
    },
    {
      stack: 'TypeError: () 
=> ({\n' +
        '  observe: () => 
null,\n' +
        '  unobserve: () => 
null,\n' +
        '  disconnect: () => 
null\n' +
        '}) is not a 
constructor\n' +
        '    at new Mock (file
:///C:/Users/mdosm/Desktop/AL%
20GONI%20TOURS%20AND%20TRAVELS
/algonitours/node_modules/@vit
est/spy/dist/index.js:262:27)\
n' +
        '    at 
initIntersectionObserver (file
:///C:/Users/mdosm/Desktop/AL%
20GONI%20TOURS%20AND%20TRAVELS
/algonitours/node_modules/fram
er-motion/dist/es/motion/featu
res/viewport/observers.mjs:35:
30)\n' +
        '    at 
observeIntersection (file:///C
:/Users/mdosm/Desktop/AL%20GON
I%20TOURS%20AND%20TRAVELS/algo
nitours/node_modules/framer-mo
tion/dist/es/motion/features/v
iewport/observers.mjs:40:39)\n
' +
        '    at 
InViewFeature.startObserver (f
ile:///C:/Users/mdosm/Desktop/
AL%20GONI%20TOURS%20AND%20TRAV
ELS/algonitours/node_modules/f
ramer-motion/dist/es/motion/fe
atures/viewport/index.mjs:52:1
6)\n' +
        '    at 
InViewFeature.mount (file:///C
:/Users/mdosm/Desktop/AL%20GON
I%20TOURS%20AND%20TRAVELS/algo
nitours/node_modules/framer-mo
tion/dist/es/motion/features/v
iewport/index.mjs:55:14)\n' +
        '    at HTMLVisualElem
ent.updateFeatures (file:///C:
/Users/mdosm/Desktop/AL%20GONI
%20TOURS%20AND%20TRAVELS/algon
itours/node_modules/framer-mot
ion/dist/es/render/VisualEleme
nt.mjs:259:29)\n' +
        '    at file:///C:/Use
rs/mdosm/Desktop/AL%20GONI%20T
OURS%20AND%20TRAVELS/algonitou
rs/node_modules/framer-motion/
dist/es/motion/utils/use-visua
l-element.mjs:71:23\n' +
        '    at Object.react_s
tack_bottom_frame (C:\\Users\\
mdosm\\Desktop\\AL GONI TOURS 
AND TRAVELS\\algonitours\\node
_modules\\react-dom\\cjs\\reac
t-dom-client.development.js:25
989:20)\n' +
        '    at 
runWithFiberInDEV (C:\\Users\\
mdosm\\Desktop\\AL GONI TOURS 
AND TRAVELS\\algonitours\\node
_modules\\react-dom\\cjs\\reac
t-dom-client.development.js:87
4:13)\n' +
        '    at 
commitHookEffectListMount (C:\
\Users\\mdosm\\Desktop\\AL 
GONI TOURS AND TRAVELS\\algoni
tours\\node_modules\\react-dom
\\cjs\\react-dom-client.develo
pment.js:13249:29)',
      message: '() => ({\n' +
        '  observe: () => 
null,\n' +
        '  unobserve: () => 
null,\n' +
        '  disconnect: () => 
null\n' +
        '}) is not a 
constructor',
      constructor: 
'Function<TypeError>',
      name: 'TypeError',
      toString: 
'Function<toString>'
    },
    {
      stack: 'TypeError: () 
=> ({\n' +
        '  observe: () => 
null,\n' +
        '  unobserve: () => 
null,\n' +
        '  disconnect: () => 
null\n' +
        '}) is not a 
constructor\n' +
        '    at new Mock (file
:///C:/Users/mdosm/Desktop/AL%
20GONI%20TOURS%20AND%20TRAVELS
/algonitours/node_modules/@vit
est/spy/dist/index.js:262:27)\
n' +
        '    at 
initIntersectionObserver (file
:///C:/Users/mdosm/Desktop/AL%
20GONI%20TOURS%20AND%20TRAVELS
/algonitours/node_modules/fram
er-motion/dist/es/motion/featu
res/viewport/observers.mjs:35:
30)\n' +
        '    at 
observeIntersection (file:///C
:/Users/mdosm/Desktop/AL%20GON
I%20TOURS%20AND%20TRAVELS/algo
nitours/node_modules/framer-mo
tion/dist/es/motion/features/v
iewport/observers.mjs:40:39)\n
' +
        '    at 
InViewFeature.startObserver (f
ile:///C:/Users/mdosm/Desktop/
AL%20GONI%20TOURS%20AND%20TRAV
ELS/algonitours/node_modules/f
ramer-motion/dist/es/motion/fe
atures/viewport/index.mjs:52:1
6)\n' +
        '    at 
InViewFeature.mount (file:///C
:/Users/mdosm/Desktop/AL%20GON
I%20TOURS%20AND%20TRAVELS/algo
nitours/node_modules/framer-mo
tion/dist/es/motion/features/v
iewport/index.mjs:55:14)\n' +
        '    at HTMLVisualElem
ent.updateFeatures (file:///C:
/Users/mdosm/Desktop/AL%20GONI
%20TOURS%20AND%20TRAVELS/algon
itours/node_modules/framer-mot
ion/dist/es/render/VisualEleme
nt.mjs:259:29)\n' +
        '    at file:///C:/Use
rs/mdosm/Desktop/AL%20GONI%20T
OURS%20AND%20TRAVELS/algonitou
rs/node_modules/framer-motion/
dist/es/motion/utils/use-visua
l-element.mjs:71:23\n' +
        '    at Object.react_s
tack_bottom_frame (C:\\Users\\
mdosm\\Desktop\\AL GONI TOURS 
AND TRAVELS\\algonitours\\node
_modules\\react-dom\\cjs\\reac
t-dom-client.development.js:25
989:20)\n' +
        '    at 
runWithFiberInDEV (C:\\Users\\
mdosm\\Desktop\\AL GONI TOURS 
AND TRAVELS\\algonitours\\node
_modules\\react-dom\\cjs\\reac
t-dom-client.development.js:87
4:13)\n' +
        '    at 
commitHookEffectListMount (C:\
\Users\\mdosm\\Desktop\\AL 
GONI TOURS AND TRAVELS\\algoni
tours\\node_modules\\react-dom
\\cjs\\react-dom-client.develo
pment.js:13249:29)',
      message: '() => ({\n' +
        '  observe: () => 
null,\n' +
        '  unobserve: () => 
null,\n' +
        '  disconnect: () => 
null\n' +
        '}) is not a 
constructor',
      constructor: 
'Function<TypeError>',
      name: 'TypeError',
      toString: 
'Function<toString>'
    },
    {
      stack: 'TypeError: () 
=> ({\n' +
        '  observe: () => 
null,\n' +
        '  unobserve: () => 
null,\n' +
        '  disconnect: () => 
null\n' +
        '}) is not a 
constructor\n' +
        '    at new Mock (file
:///C:/Users/mdosm/Desktop/AL%
20GONI%20TOURS%20AND%20TRAVELS
/algonitours/node_modules/@vit
est/spy/dist/index.js:262:27)\
n' +
        '    at 
initIntersectionObserver (file
:///C:/Users/mdosm/Desktop/AL%
20GONI%20TOURS%20AND%20TRAVELS
/algonitours/node_modules/fram
er-motion/dist/es/motion/featu
res/viewport/observers.mjs:35:
30)\n' +
        '    at 
observeIntersection (file:///C
:/Users/mdosm/Desktop/AL%20GON
I%20TOURS%20AND%20TRAVELS/algo
nitours/node_modules/framer-mo
tion/dist/es/motion/features/v
iewport/observers.mjs:40:39)\n
' +
        '    at 
InViewFeature.startObserver (f
ile:///C:/Users/mdosm/Desktop/
AL%20GONI%20TOURS%20AND%20TRAV
ELS/algonitours/node_modules/f
ramer-motion/dist/es/motion/fe
atures/viewport/index.mjs:52:1
6)\n' +
        '    at 
InViewFeature.mount (file:///C
:/Users/mdosm/Desktop/AL%20GON
I%20TOURS%20AND%20TRAVELS/algo
nitours/node_modules/framer-mo
tion/dist/es/motion/features/v
iewport/index.mjs:55:14)\n' +
        '    at HTMLVisualElem
ent.updateFeatures (file:///C:
/Users/mdosm/Desktop/AL%20GONI
%20TOURS%20AND%20TRAVELS/algon
itours/node_modules/framer-mot
ion/dist/es/render/VisualEleme
nt.mjs:259:29)\n' +
        '    at file:///C:/Use
rs/mdosm/Desktop/AL%20GONI%20T
OURS%20AND%20TRAVELS/algonitou
rs/node_modules/framer-motion/
dist/es/motion/utils/use-visua
l-element.mjs:71:23\n' +
        '    at Object.react_s
tack_bottom_frame (C:\\Users\\
mdosm\\Desktop\\AL GONI TOURS 
AND TRAVELS\\algonitours\\node
_modules\\react-dom\\cjs\\reac
t-dom-client.development.js:25
989:20)\n' +
        '    at 
runWithFiberInDEV (C:\\Users\\
mdosm\\Desktop\\AL GONI TOURS 
AND TRAVELS\\algonitours\\node
_modules\\react-dom\\cjs\\reac
t-dom-client.development.js:87
4:13)\n' +
        '    at 
commitHookEffectListMount (C:\
\Users\\mdosm\\Desktop\\AL 
GONI TOURS AND TRAVELS\\algoni
tours\\node_modules\\react-dom
\\cjs\\react-dom-client.develo
pment.js:13249:29)',
      message: '() => ({\n' +
        '  observe: () => 
null,\n' +
        '  unobserve: () => 
null,\n' +
        '  disconnect: () => 
null\n' +
        '}) is not a 
constructor',
      constructor: 
'Function<TypeError>',
      name: 'TypeError',
      toString: 
'Function<toString>'
    },
    {
      stack: 'TypeError: () 
=> ({\n' +
        '  observe: () => 
null,\n' +
        '  unobserve: () => 
null,\n' +
        '  disconnect: () => 
null\n' +
        '}) is not a 
constructor\n' +
        '    at new Mock (file
:///C:/Users/mdosm/Desktop/AL%
20GONI%20TOURS%20AND%20TRAVELS
/algonitours/node_modules/@vit
est/spy/dist/index.js:262:27)\
n' +
        '    at 
initIntersectionObserver (file
:///C:/Users/mdosm/Desktop/AL%
20GONI%20TOURS%20AND%20TRAVELS
/algonitours/node_modules/fram
er-motion/dist/es/motion/featu
res/viewport/observers.mjs:35:
30)\n' +
        '    at 
observeIntersection (file:///C
:/Users/mdosm/Desktop/AL%20GON
I%20TOURS%20AND%20TRAVELS/algo
nitours/node_modules/framer-mo
tion/dist/es/motion/features/v
iewport/observers.mjs:40:39)\n
' +
        '    at 
InViewFeature.startObserver (f
ile:///C:/Users/mdosm/Desktop/
AL%20GONI%20TOURS%20AND%20TRAV
ELS/algonitours/node_modules/f
ramer-motion/dist/es/motion/fe
atures/viewport/index.mjs:52:1
6)\n' +
        '    at 
InViewFeature.mount (file:///C
:/Users/mdosm/Desktop/AL%20GON
I%20TOURS%20AND%20TRAVELS/algo
nitours/node_modules/framer-mo
tion/dist/es/motion/features/v
iewport/index.mjs:55:14)\n' +
        '    at HTMLVisualElem
ent.updateFeatures (file:///C:
/Users/mdosm/Desktop/AL%20GONI
%20TOURS%20AND%20TRAVELS/algon
itours/node_modules/framer-mot
ion/dist/es/render/VisualEleme
nt.mjs:259:29)\n' +
        '    at file:///C:/Use
rs/mdosm/Desktop/AL%20GONI%20T
OURS%20AND%20TRAVELS/algonitou
rs/node_modules/framer-motion/
dist/es/motion/utils/use-visua
l-element.mjs:71:23\n' +
        '    at Object.react_s
tack_bottom_frame (C:\\Users\\
mdosm\\Desktop\\AL GONI TOURS 
AND TRAVELS\\algonitours\\node
_modules\\react-dom\\cjs\\reac
t-dom-client.development.js:25
989:20)\n' +
        '    at 
runWithFiberInDEV (C:\\Users\\
mdosm\\Desktop\\AL GONI TOURS 
AND TRAVELS\\algonitours\\node
_modules\\react-dom\\cjs\\reac
t-dom-client.development.js:87
4:13)\n' +
        '    at 
commitHookEffectListMount (C:\
\Users\\mdosm\\Desktop\\AL 
GONI TOURS AND TRAVELS\\algoni
tours\\node_modules\\react-dom
\\cjs\\react-dom-client.develo
pment.js:13249:29)',
      message: '() => ({\n' +
        '  observe: () => 
null,\n' +
        '  unobserve: () => 
null,\n' +
        '  disconnect: () => 
null\n' +
        '}) is not a 
constructor',
      constructor: 
'Function<TypeError>',
      name: 'TypeError',
      toString: 
'Function<toString>'
    },
    {
      stack: 'TypeError: () 
=> ({\n' +
        '  observe: () => 
null,\n' +
        '  unobserve: () => 
null,\n' +
        '  disconnect: () => 
null\n' +
        '}) is not a 
constructor\n' +
        '    at new Mock (file
:///C:/Users/mdosm/Desktop/AL%
20GONI%20TOURS%20AND%20TRAVELS
/algonitours/node_modules/@vit
est/spy/dist/index.js:262:27)\
n' +
        '    at 
initIntersectionObserver (file
:///C:/Users/mdosm/Desktop/AL%
20GONI%20TOURS%20AND%20TRAVELS
/algonitours/node_modules/fram
er-motion/dist/es/motion/featu
res/viewport/observers.mjs:35:
30)\n' +
        '    at 
observeIntersection (file:///C
:/Users/mdosm/Desktop/AL%20GON
I%20TOURS%20AND%20TRAVELS/algo
nitours/node_modules/framer-mo
tion/dist/es/motion/features/v
iewport/observers.mjs:40:39)\n
' +
        '    at 
InViewFeature.startObserver (f
ile:///C:/Users/mdosm/Desktop/
AL%20GONI%20TOURS%20AND%20TRAV
ELS/algonitours/node_modules/f
ramer-motion/dist/es/motion/fe
atures/viewport/index.mjs:52:1
6)\n' +
        '    at 
InViewFeature.mount (file:///C
:/Users/mdosm/Desktop/AL%20GON
I%20TOURS%20AND%20TRAVELS/algo
nitours/node_modules/framer-mo
tion/dist/es/motion/features/v
iewport/index.mjs:55:14)\n' +
        '    at HTMLVisualElem
ent.updateFeatures (file:///C:
/Users/mdosm/Desktop/AL%20GONI
%20TOURS%20AND%20TRAVELS/algon
itours/node_modules/framer-mot
ion/dist/es/render/VisualEleme
nt.mjs:259:29)\n' +
        '    at file:///C:/Use
rs/mdosm/Desktop/AL%20GONI%20T
OURS%20AND%20TRAVELS/algonitou
rs/node_modules/framer-motion/
dist/es/motion/utils/use-visua
l-element.mjs:71:23\n' +
        '    at Object.react_s
tack_bottom_frame (C:\\Users\\
mdosm\\Desktop\\AL GONI TOURS 
AND TRAVELS\\algonitours\\node
_modules\\react-dom\\cjs\\reac
t-dom-client.development.js:25
989:20)\n' +
        '    at 
runWithFiberInDEV (C:\\Users\\
mdosm\\Desktop\\AL GONI TOURS 
AND TRAVELS\\algonitours\\node
_modules\\react-dom\\cjs\\reac
t-dom-client.development.js:87
4:13)\n' +
        '    at 
commitHookEffectListMount (C:\
\Users\\mdosm\\Desktop\\AL 
GONI TOURS AND TRAVELS\\algoni
tours\\node_modules\\react-dom
\\cjs\\react-dom-client.develo
pment.js:13249:29)',
      message: '() => ({\n' +
        '  observe: () => 
null,\n' +
        '  unobserve: () => 
null,\n' +
        '  disconnect: () => 
null\n' +
        '}) is not a 
constructor',
      constructor: 
'Function<TypeError>',
      name: 'TypeError',
      toString: 
'Function<toString>'
    },
    {
      stack: 'TypeError: () 
=> ({\n' +
        '  observe: () => 
null,\n' +
        '  unobserve: () => 
null,\n' +
        '  disconnect: () => 
null\n' +
        '}) is not a 
constructor\n' +
        '    at new Mock (file
:///C:/Users/mdosm/Desktop/AL%
20GONI%20TOURS%20AND%20TRAVELS
/algonitours/node_modules/@vit
est/spy/dist/index.js:262:27)\
n' +
        '    at 
initIntersectionObserver (file
:///C:/Users/mdosm/Desktop/AL%
20GONI%20TOURS%20AND%20TRAVELS
/algonitours/node_modules/fram
er-motion/dist/es/motion/featu
res/viewport/observers.mjs:35:
30)\n' +
        '    at 
observeIntersection (file:///C
:/Users/mdosm/Desktop/AL%20GON
I%20TOURS%20AND%20TRAVELS/algo
nitours/node_modules/framer-mo
tion/dist/es/motion/features/v
iewport/observers.mjs:40:39)\n
' +
        '    at 
InViewFeature.startObserver (f
ile:///C:/Users/mdosm/Desktop/
AL%20GONI%20TOURS%20AND%20TRAV
ELS/algonitours/node_modules/f
ramer-motion/dist/es/motion/fe
atures/viewport/index.mjs:52:1
6)\n' +
        '    at 
InViewFeature.mount (file:///C
:/Users/mdosm/Desktop/AL%20GON
I%20TOURS%20AND%20TRAVELS/algo
nitours/node_modules/framer-mo
tion/dist/es/motion/features/v
iewport/index.mjs:55:14)\n' +
        '    at HTMLVisualElem
ent.updateFeatures (file:///C:
/Users/mdosm/Desktop/AL%20GONI
%20TOURS%20AND%20TRAVELS/algon
itours/node_modules/framer-mot
ion/dist/es/render/VisualEleme
nt.mjs:259:29)\n' +
        '    at file:///C:/Use
rs/mdosm/Desktop/AL%20GONI%20T
OURS%20AND%20TRAVELS/algonitou
rs/node_modules/framer-motion/
dist/es/motion/utils/use-visua
l-element.mjs:71:23\n' +
        '    at Object.react_s
tack_bottom_frame (C:\\Users\\
mdosm\\Desktop\\AL GONI TOURS 
AND TRAVELS\\algonitours\\node
_modules\\react-dom\\cjs\\reac
t-dom-client.development.js:25
989:20)\n' +
        '    at 
runWithFiberInDEV (C:\\Users\\
mdosm\\Desktop\\AL GONI TOURS 
AND TRAVELS\\algonitours\\node
_modules\\react-dom\\cjs\\reac
t-dom-client.development.js:87
4:13)\n' +
        '    at 
commitHookEffectListMount (C:\
\Users\\mdosm\\Desktop\\AL 
GONI TOURS AND TRAVELS\\algoni
tours\\node_modules\\react-dom
\\cjs\\react-dom-client.develo
pment.js:13249:29)',
      message: '() => ({\n' +
        '  observe: () => 
null,\n' +
        '  unobserve: () => 
null,\n' +
        '  disconnect: () => 
null\n' +
        '}) is not a 
constructor',
      constructor: 
'Function<TypeError>',
      name: 'TypeError',
      toString: 
'Function<toString>'
    },
    {
      stack: 'TypeError: () 
=> ({\n' +
        '  observe: () => 
null,\n' +
        '  unobserve: () => 
null,\n' +
        '  disconnect: () => 
null\n' +
        '}) is not a 
constructor\n' +
        '    at new Mock (file
:///C:/Users/mdosm/Desktop/AL%
20GONI%20TOURS%20AND%20TRAVELS
/algonitours/node_modules/@vit
est/spy/dist/index.js:262:27)\
n' +
        '    at 
initIntersectionObserver (file
:///C:/Users/mdosm/Desktop/AL%
20GONI%20TOURS%20AND%20TRAVELS
/algonitours/node_modules/fram
er-motion/dist/es/motion/featu
res/viewport/observers.mjs:35:
30)\n' +
        '    at 
observeIntersection (file:///C
:/Users/mdosm/Desktop/AL%20GON
I%20TOURS%20AND%20TRAVELS/algo
nitours/node_modules/framer-mo
tion/dist/es/motion/features/v
iewport/observers.mjs:40:39)\n
' +
        '    at 
InViewFeature.startObserver (f
ile:///C:/Users/mdosm/Desktop/
AL%20GONI%20TOURS%20AND%20TRAV
ELS/algonitours/node_modules/f
ramer-motion/dist/es/motion/fe
atures/viewport/index.mjs:52:1
6)\n' +
        '    at 
InViewFeature.mount (file:///C
:/Users/mdosm/Desktop/AL%20GON
I%20TOURS%20AND%20TRAVELS/algo
nitours/node_modules/framer-mo
tion/dist/es/motion/features/v
iewport/index.mjs:55:14)\n' +
        '    at HTMLVisualElem
ent.updateFeatures (file:///C:
/Users/mdosm/Desktop/AL%20GONI
%20TOURS%20AND%20TRAVELS/algon
itours/node_modules/framer-mot
ion/dist/es/render/VisualEleme
nt.mjs:259:29)\n' +
        '    at file:///C:/Use
rs/mdosm/Desktop/AL%20GONI%20T
OURS%20AND%20TRAVELS/algonitou
rs/node_modules/framer-motion/
dist/es/motion/utils/use-visua
l-element.mjs:71:23\n' +
        '    at Object.react_s
tack_bottom_frame (C:\\Users\\
mdosm\\Desktop\\AL GONI TOURS 
AND TRAVELS\\algonitours\\node
_modules\\react-dom\\cjs\\reac
t-dom-client.development.js:25
989:20)\n' +
        '    at 
runWithFiberInDEV (C:\\Users\\
mdosm\\Desktop\\AL GONI TOURS 
AND TRAVELS\\algonitours\\node
_modules\\react-dom\\cjs\\reac
t-dom-client.development.js:87
4:13)\n' +
        '    at 
commitHookEffectListMount (C:\
\Users\\mdosm\\Desktop\\AL 
GONI TOURS AND TRAVELS\\algoni
tours\\node_modules\\react-dom
\\cjs\\react-dom-client.develo
pment.js:13249:29)',
      message: '() => ({\n' +
        '  observe: () => 
null,\n' +
        '  unobserve: () => 
null,\n' +
        '  disconnect: () => 
null\n' +
        '}) is not a 
constructor',
      constructor: 
'Function<TypeError>',
      name: 'TypeError',
      toString: 
'Function<toString>'
    },
    {
      stack: 'TypeError: () 
=> ({\n' +
        '  observe: () => 
null,\n' +
        '  unobserve: () => 
null,\n' +
        '  disconnect: () => 
null\n' +
        '}) is not a 
constructor\n' +
        '    at new Mock (file
:///C:/Users/mdosm/Desktop/AL%
20GONI%20TOURS%20AND%20TRAVELS
/algonitours/node_modules/@vit
est/spy/dist/index.js:262:27)\
n' +
        '    at 
initIntersectionObserver (file
:///C:/Users/mdosm/Desktop/AL%
20GONI%20TOURS%20AND%20TRAVELS
/algonitours/node_modules/fram
er-motion/dist/es/motion/featu
res/viewport/observers.mjs:35:
30)\n' +
        '    at 
observeIntersection (file:///C
:/Users/mdosm/Desktop/AL%20GON
I%20TOURS%20AND%20TRAVELS/algo
nitours/node_modules/framer-mo
tion/dist/es/motion/features/v
iewport/observers.mjs:40:39)\n
' +
        '    at 
InViewFeature.startObserver (f
ile:///C:/Users/mdosm/Desktop/
AL%20GONI%20TOURS%20AND%20TRAV
ELS/algonitours/node_modules/f
ramer-motion/dist/es/motion/fe
atures/viewport/index.mjs:52:1
6)\n' +
        '    at 
InViewFeature.mount (file:///C
:/Users/mdosm/Desktop/AL%20GON
I%20TOURS%20AND%20TRAVELS/algo
nitours/node_modules/framer-mo
tion/dist/es/motion/features/v
iewport/index.mjs:55:14)\n' +
        '    at HTMLVisualElem
ent.updateFeatures (file:///C:
/Users/mdosm/Desktop/AL%20GONI
%20TOURS%20AND%20TRAVELS/algon
itours/node_modules/framer-mot
ion/dist/es/render/VisualEleme
nt.mjs:259:29)\n' +
        '    at file:///C:/Use
rs/mdosm/Desktop/AL%20GONI%20T
OURS%20AND%20TRAVELS/algonitou
rs/node_modules/framer-motion/
dist/es/motion/utils/use-visua
l-element.mjs:71:23\n' +
        '    at Object.react_s
tack_bottom_frame (C:\\Users\\
mdosm\\Desktop\\AL GONI TOURS 
AND TRAVELS\\algonitours\\node
_modules\\react-dom\\cjs\\reac
t-dom-client.development.js:25
989:20)\n' +
        '    at 
runWithFiberInDEV (C:\\Users\\
mdosm\\Desktop\\AL GONI TOURS 
AND TRAVELS\\algonitours\\node
_modules\\react-dom\\cjs\\reac
t-dom-client.development.js:87
4:13)\n' +
        '    at 
commitHookEffectListMount (C:\
\Users\\mdosm\\Desktop\\AL 
GONI TOURS AND TRAVELS\\algoni
tours\\node_modules\\react-dom
\\cjs\\react-dom-client.develo
pment.js:13249:29)',
      message: '() => ({\n' +
        '  observe: () => 
null,\n' +
        '  unobserve: () => 
null,\n' +
        '  disconnect: () => 
null\n' +
        '}) is not a 
constructor',
      constructor: 
'Function<TypeError>',
      name: 'TypeError',
      toString: 
'Function<toString>'
    },
    {
      stack: 'TypeError: () 
=> ({\n' +
        '  observe: () => 
null,\n' +
        '  unobserve: () => 
null,\n' +
        '  disconnect: () => 
null\n' +
        '}) is not a 
constructor\n' +
        '    at new Mock (file
:///C:/Users/mdosm/Desktop/AL%
20GONI%20TOURS%20AND%20TRAVELS
/algonitours/node_modules/@vit
est/spy/dist/index.js:262:27)\
n' +
        '    at 
initIntersectionObserver (file
:///C:/Users/mdosm/Desktop/AL%
20GONI%20TOURS%20AND%20TRAVELS
/algonitours/node_modules/fram
er-motion/dist/es/motion/featu
res/viewport/observers.mjs:35:
30)\n' +
        '    at 
observeIntersection (file:///C
:/Users/mdosm/Desktop/AL%20GON
I%20TOURS%20AND%20TRAVELS/algo
nitours/node_modules/framer-mo
tion/dist/es/motion/features/v
iewport/observers.mjs:40:39)\n
' +
        '    at 
InViewFeature.startObserver (f
ile:///C:/Users/mdosm/Desktop/
AL%20GONI%20TOURS%20AND%20TRAV
ELS/algonitours/node_modules/f
ramer-motion/dist/es/motion/fe
atures/viewport/index.mjs:52:1
6)\n' +
        '    at 
InViewFeature.mount (file:///C
:/Users/mdosm/Desktop/AL%20GON
I%20TOURS%20AND%20TRAVELS/algo
nitours/node_modules/framer-mo
tion/dist/es/motion/features/v
iewport/index.mjs:55:14)\n' +
        '    at HTMLVisualElem
ent.updateFeatures (file:///C:
/Users/mdosm/Desktop/AL%20GONI
%20TOURS%20AND%20TRAVELS/algon
itours/node_modules/framer-mot
ion/dist/es/render/VisualEleme
nt.mjs:259:29)\n' +
        '    at file:///C:/Use
rs/mdosm/Desktop/AL%20GONI%20T
OURS%20AND%20TRAVELS/algonitou
rs/node_modules/framer-motion/
dist/es/motion/utils/use-visua
l-element.mjs:71:23\n' +
        '    at Object.react_s
tack_bottom_frame (C:\\Users\\
mdosm\\Desktop\\AL GONI TOURS 
AND TRAVELS\\algonitours\\node
_modules\\react-dom\\cjs\\reac
t-dom-client.development.js:25
989:20)\n' +
        '    at 
runWithFiberInDEV (C:\\Users\\
mdosm\\Desktop\\AL GONI TOURS 
AND TRAVELS\\algonitours\\node
_modules\\react-dom\\cjs\\reac
t-dom-client.development.js:87
4:13)\n' +
        '    at 
commitHookEffectListMount (C:\
\Users\\mdosm\\Desktop\\AL 
GONI TOURS AND TRAVELS\\algoni
tours\\node_modules\\react-dom
\\cjs\\react-dom-client.develo
pment.js:13249:29)',
      message: '() => ({\n' +
        '  observe: () => 
null,\n' +
        '  unobserve: () => 
null,\n' +
        '  disconnect: () => 
null\n' +
        '}) is not a 
constructor',
      constructor: 
'Function<TypeError>',
      name: 'TypeError',
      toString: 
'Function<toString>'
    }
  ],
  constructor: 
'Function<AggregateError>',
  name: 'AggregateError',
  message: '',
  toString: 
'Function<toString>',
  stacks: [
    {
      method: 
'aggregateErrors',
      file: 
'C:/Users/mdosm/Desktop/AL 
GONI TOURS AND TRAVELS/algonit
ours/node_modules/react/cjs/re
act.development.js',
      line: 551,
      column: 11
    },
    {
      method: 'process.env.NOD
E_ENV.exports.act',
      file: 
'C:/Users/mdosm/Desktop/AL 
GONI TOURS AND TRAVELS/algonit
ours/node_modules/react/cjs/re
act.development.js',
      line: 897,
      column: 24
    },
    {
      method: '',
      file: 
'C:/Users/mdosm/Desktop/AL 
GONI TOURS AND TRAVELS/algonit
ours/node_modules/@testing-lib
rary/react/dist/act-compat.js'
,
      line: 47,
      column: 25
    },
    {
      method: 'renderRoot',
      file: 
'C:/Users/mdosm/Desktop/AL 
GONI TOURS AND TRAVELS/algonit
ours/node_modules/@testing-lib
rary/react/dist/pure.js',
      line: 190,
      column: 26
    },
    {
      method: 'render',
      file: 
'C:/Users/mdosm/Desktop/AL 
GONI TOURS AND TRAVELS/algonit
ours/node_modules/@testing-lib
rary/react/dist/pure.js',
      line: 292,
      column: 10
    },
    {
      method: '',
      file: 
'C:/Users/mdosm/Desktop/AL 
GONI TOURS AND TRAVELS/algonit
ours/src/__tests__/Home.test.j
sx',
      line: 16,
      column: 9
    }
  ]
}
[90m [2mÔØ»[22m 
aggregateErrors node_modules/r
eact/cjs/react.development.js:
[2m551:11[22m[39m
[90m [2mÔØ»[22m process.env
.NODE_ENV.exports.act node_mod
ules/react/cjs/react.developme
nt.js:[2m897:24[22m[39m
[90m [2mÔØ»[22m node_module
s/@testing-library/react/dist/
act-compat.js:[2m47:25[22m[
39m
[90m [2mÔØ»[22m renderRoot 
node_modules/@testing-library/
react/dist/pure.js:[2m190:26
[22m[39m
[90m [2mÔØ»[22m render node
_modules/@testing-library/reac
t/dist/pure.js:[2m292:10[22m
[39m
[36m [2mÔØ»[22m src/__tests
__/Home.test.jsx:[2m16:9[22m
[39m
    [90m 14| [39m[34mdescri
be[39m([32m'Home 
Page'[39m[33m,[39m () 
[33m=>[39m {
    [90m 15| [39m    
[34mit[39m([32m'renders 
home page 
content'[39m[33m,[39m () 
[33m=>[39m {
    [90m 16| [39m        
[34mrender[39m(
    [90m   | [39m        
[31m^[39m
    [90m 17| [39m           
 [33m<[39m[33mBrowserRouter
[39m[33m>[39m
    [90m 18| [39m           
     [33m<[39m[33mPackagePr
ovider[39m[33m>[39m

[31m[2mÔÄ»ÔÄ»ÔÄ»ÔÄ»ÔÄ»ÔÄ»ÔÄ»
ÔÄ»ÔÄ»ÔÄ»ÔÄ»ÔÄ»ÔÄ»ÔÄ»ÔÄ»ÔÄ»ÔÄ»
ÔÄ»ÔÄ»ÔÄ»ÔÄ»ÔÄ»ÔÄ»ÔÄ»[6/7]ÔÄ»
[22m[39m

[41m[1m FAIL [22m[49m src/
__tests__/Navbar.test.jsx[2m 
> [22mNavbar Component[2m > 
[22mrenders navigation links
[31m[1mTestingLibraryElement
Error[22m: Unable to find an 
element with the text: 
Packages. This could be 
because the text is broken up 
by multiple elements. In this 
case, you can provide a 
function for your text 
matcher to make your matcher 
more flexible.

Ignored nodes: comments, 
script, style
[36m<body>[31m
  [36m<div>[31m
    [36m<nav[31m
      [33mclass[31m=[32m"na
vbar"[31m
      [33mstyle[31m=[32m"ba
ckground-color: rgba(255, 
255, 255, 0.8); box-shadow: 0 
4px 30px rgba(0,0,0,0.1); 
position: sticky; top: 0px; 
z-index: 1000; border-bottom: 
1px solid rgba(255, 255, 255, 
0.3);"[31m
    [36m>[31m
      [36m<div[31m
        [33mclass[31m=[32m"
container"[31m
        [33mstyle[31m=[32m"
display: flex; 
justify-content: 
space-between; align-items: 
center; padding: 1rem 
20px;"[31m
      [36m>[31m
        [36m<a[31m
          [33mclass[31m=[32
m"logo"[31m
          
[33mhref[31m=[32m"/"[31m
          [33mstyle[31m=[32
m"display: flex; align-items: 
center; gap: 10px;"[31m
        [36m>[31m
          [36m<img[31m
            
[33malt[31m=[32m"Al Goni 
Tours and Travels"[31m
            [33msrc[31m=[32
m"/logo.png"[31m
            
[33mstyle[31m=[32m"height: 
60px;"[31m
          [36m/>[31m
          [36m<span[31m
            [33mstyle[31m=[
32m"font-family: 
var(--font-heading); 
font-size: 1.5rem; 
font-weight: 700; color: 
var(--color-text-dark);"[31m
          [36m>[31m

[2m Test Files [22m [1m[31m6 failed[39m[22m[2m | [22m[1m[32m2 passed[39m[22m[90m (8)[39m
[2m      Tests [22m [1m[31m7 failed[39m[22m[2m | [22m[1m[32m9 passed[39m[22m[90m (16)[39m
[2m   Start at [22m 22:45:53
[2m   Duration [22m 6.36s[2m (transform 1.95s, setup 2.49s, import 8.96s, tests 3.97s, environment 15.03s)[22m

            [0mAl Goni Tours 
and Travels[0m
          [36m</span>[31m
        [36m</a>[31m
        [36m<div[31m
          [33mclass[31m=[32
m"desktop-menu"[31m
          [33mstyle[31m=[32
m"display: none; gap: 
2rem;"[31m
        [36m>[31m
          [36m<a[31m
            
[33mhref[31m=[32m"/"[31m
            [33mstyle[31m=[
32m"font-weight: 600; color: 
var(--color-text-dark);"[31m
          [36m>[31m
            [0mHome[0m
          [36m</a>[31m
          [36m<a[31m
            [33mhref[31m=[3
2m"/about"[31m
            [33mstyle[31m=[
32m"font-weight: 600; color: 
var(--color-text-dark);"[31m
          [36m>[31m
            [0mAbout Us[0m
          [36m</a>[31m
          [36m<a[31m
            [33mhref[31m=[3
2m"/bike-trips"[31m
            [33mstyle[31m=[
32m"font-weight: 600; color: 
var(--color-text-dark);"[31m
          [36m>[31m
            [0mBike Trips[0m
          [36m</a>[31m
          [36m<a[31m
            [33mhref[31m=[3
2m"/services"[31m
            [33mstyle[31m=[
32m"font-weight: 600; color: 
var(--color-text-dark);"[31m
          [36m>[31m
            [0mServices[0m
          [36m</a>[31m
          [36m<a[31m
            
[33mclass[31m=[32m"btn 
btn-primary"[31m
            [33mhref[31m=[3
2m"/contact"[31m
            [33mstyle[31m=[
32m"padding: 8px 20px; color: 
white;"[31m
          [36m>[31m
            [0mContact Us[0m
          [36m</a>[31m
        [36m</div>[31m
        [36m<button[31m
          [33mclass[31m=[32
m"mobile-menu-btn"[31m
          [33mstyle[31m=[32
m"background: none; border: 
medium; color: 
var(--color-text-dark);"[31m
        [36m>[31m
          [36m<svg[31m
            [33maria-hidden[
31m=[32m"true"[31m
            
[33mclass[31m=[32m"lucide 
lucide-menu"[31m
            [33mfill[31m=[3
2m"none"[31m
            [33mheight[31m=
[32m"24"[31m
            [33mstroke[31m=
[32m"currentColor"[31m
            [33mstroke-lineca
p[31m=[32m"round"[31m
            [33mstroke-linejo
in[31m=[32m"round"[31m
            [33mstroke-width
[31m=[32m"2"[31m
            
[33mviewBox[31m=[32m"0 0 
24 24"[31m
            
[33mwidth[31m=[32m"24"[31m
            [33mxmlns[31m=[
32m"http://www.w3.org/2000/svg
"[31m
          [36m>[31m
            [36m<path[31m
              
[33md[31m=[32m"M4 
5h16"[31m
            [36m/>[31m
            [36m<path[31m
              
[33md[31m=[32m"M4 
12h16"[31m
            [36m/>[31m
            [36m<path[31m
              
[33md[31m=[32m"M4 
19h16"[31m
            [36m/>[31m
          [36m</svg>[31m
        [36m</button>[31m
      [36m</div>[31m
    [36m</nav>[31m
  [36m</div>[31m
[36m</body>[31m[39m
[90m [2mÔØ»[22m 
Object.getElementError node_mo
dules/@testing-library/dom/dis
t/config.js:[2m37:19[22m[39
m
[90m [2mÔØ»[22m node_module
s/@testing-library/dom/dist/qu
ery-helpers.js:[2m76:38[22m
[39m
[90m [2mÔØ»[22m node_module
s/@testing-library/dom/dist/qu
ery-helpers.js:[2m52:17[22m
[39m
[90m [2mÔØ»[22m node_module
s/@testing-library/dom/dist/qu
ery-helpers.js:[2m95:19[22m
[39m
[36m [2mÔØ»[22m src/__tests
__/Navbar.test.jsx:[2m25:23[
22m[39m
    [90m 23| [39m        [3
4mexpect[39m(screen[33m.[39
m[34mgetByText[39m([32m'Abo
ut Us'[39m))[33m.[39m[34mt
oBeInTheDocument[39m()[33m;
[39m
    [90m 24| [39m        [3
4mexpect[39m(screen[33m.[39
m[34mgetByText[39m([32m'Ser
vices'[39m))[33m.[39m[34mt
oBeInTheDocument[39m()[33m;
[39m
    [90m 25| [39m        [3
4mexpect[39m(screen[33m.[39
m[34mgetByText[39m([32m'Pac
kages'[39m))[33m.[39m[34mt
oBeInTheDocument[39m()[33m;
[39m
    [90m   | [39m           
           [31m^[39m
    [90m 26| [39m        [3
4mexpect[39m(screen[33m.[39
m[34mgetByText[39m([32m'Con
tact'[39m))[33m.[39m[34mto
BeInTheDocument[39m()[33m;[
39m
    [90m 27| [39m    
})[33m;[39m

[31m[2mÔÄ»ÔÄ»ÔÄ»ÔÄ»ÔÄ»ÔÄ»ÔÄ»
ÔÄ»ÔÄ»ÔÄ»ÔÄ»ÔÄ»ÔÄ»ÔÄ»ÔÄ»ÔÄ»ÔÄ»
ÔÄ»ÔÄ»ÔÄ»ÔÄ»ÔÄ»ÔÄ»ÔÄ»[7/7]ÔÄ»
[22m[39m

